###############################################################################
#
# IAR ELF Linker V8.50.4.261/W32 for ARM                  25/Jun/2020  15:33:00
# Copyright 2007-2020 IAR Systems AB.
#
#    Output file  =  D:\Backups\IoT\ARM\Practice\Test\EWARM\Test\Exe\Test.out
#    Map file     =  D:\Backups\IoT\ARM\Practice\Test\EWARM\Test\List\Test.map
#    Command line =
#        -f C:\Users\Karunio\AppData\Local\Temp\EWE868.tmp
#        (D:\Backups\IoT\ARM\Practice\Test\EWARM\Test\Obj\adc.o
#        D:\Backups\IoT\ARM\Practice\Test\EWARM\Test\Obj\dma.o
#        D:\Backups\IoT\ARM\Practice\Test\EWARM\Test\Obj\gpio.o
#        D:\Backups\IoT\ARM\Practice\Test\EWARM\Test\Obj\i2c.o
#        D:\Backups\IoT\ARM\Practice\Test\EWARM\Test\Obj\lcd.o
#        D:\Backups\IoT\ARM\Practice\Test\EWARM\Test\Obj\main.o
#        D:\Backups\IoT\ARM\Practice\Test\EWARM\Test\Obj\startup_stm32f405xx.o
#        D:\Backups\IoT\ARM\Practice\Test\EWARM\Test\Obj\stm32f4xx_hal.o
#        D:\Backups\IoT\ARM\Practice\Test\EWARM\Test\Obj\stm32f4xx_hal_adc.o
#        D:\Backups\IoT\ARM\Practice\Test\EWARM\Test\Obj\stm32f4xx_hal_adc_ex.o
#        D:\Backups\IoT\ARM\Practice\Test\EWARM\Test\Obj\stm32f4xx_hal_cortex.o
#        D:\Backups\IoT\ARM\Practice\Test\EWARM\Test\Obj\stm32f4xx_hal_dma.o
#        D:\Backups\IoT\ARM\Practice\Test\EWARM\Test\Obj\stm32f4xx_hal_dma_ex.o
#        D:\Backups\IoT\ARM\Practice\Test\EWARM\Test\Obj\stm32f4xx_hal_exti.o
#        D:\Backups\IoT\ARM\Practice\Test\EWARM\Test\Obj\stm32f4xx_hal_flash.o
#        D:\Backups\IoT\ARM\Practice\Test\EWARM\Test\Obj\stm32f4xx_hal_flash_ex.o
#        D:\Backups\IoT\ARM\Practice\Test\EWARM\Test\Obj\stm32f4xx_hal_flash_ramfunc.o
#        D:\Backups\IoT\ARM\Practice\Test\EWARM\Test\Obj\stm32f4xx_hal_gpio.o
#        D:\Backups\IoT\ARM\Practice\Test\EWARM\Test\Obj\stm32f4xx_hal_i2c.o
#        D:\Backups\IoT\ARM\Practice\Test\EWARM\Test\Obj\stm32f4xx_hal_i2c_ex.o
#        D:\Backups\IoT\ARM\Practice\Test\EWARM\Test\Obj\stm32f4xx_hal_msp.o
#        D:\Backups\IoT\ARM\Practice\Test\EWARM\Test\Obj\stm32f4xx_hal_pwr.o
#        D:\Backups\IoT\ARM\Practice\Test\EWARM\Test\Obj\stm32f4xx_hal_pwr_ex.o
#        D:\Backups\IoT\ARM\Practice\Test\EWARM\Test\Obj\stm32f4xx_hal_rcc.o
#        D:\Backups\IoT\ARM\Practice\Test\EWARM\Test\Obj\stm32f4xx_hal_rcc_ex.o
#        D:\Backups\IoT\ARM\Practice\Test\EWARM\Test\Obj\stm32f4xx_hal_tim.o
#        D:\Backups\IoT\ARM\Practice\Test\EWARM\Test\Obj\stm32f4xx_hal_tim_ex.o
#        D:\Backups\IoT\ARM\Practice\Test\EWARM\Test\Obj\stm32f4xx_hal_uart.o
#        D:\Backups\IoT\ARM\Practice\Test\EWARM\Test\Obj\stm32f4xx_it.o
#        D:\Backups\IoT\ARM\Practice\Test\EWARM\Test\Obj\system_stm32f4xx.o
#        D:\Backups\IoT\ARM\Practice\Test\EWARM\Test\Obj\tim.o
#        D:\Backups\IoT\ARM\Practice\Test\EWARM\Test\Obj\usart.o --redirect
#        _Printf=_PrintfFull --redirect _Scanf=_ScanfFull --no_out_extension -o
#        D:\Backups\IoT\ARM\Practice\Test\EWARM\Test\Exe\Test.out --map
#        D:\Backups\IoT\ARM\Practice\Test\EWARM\Test\List\Test.map --config
#        D:\Backups\IoT\ARM\Practice\Test\EWARM/stm32f405xx_flash.icf
#        --semihosting --entry __iar_program_start --vfe --text_out locale)
#
###############################################################################

*******************************************************************************
*** RUNTIME MODEL ATTRIBUTES
***

CppFlavor       = *
__SystemLibrary = DLib
__dlib_version  = 6


*******************************************************************************
*** HEAP SELECTION
***

The basic heap was selected because some modules are built with
size limitations (and not runtime checking), and --advanced_heap
was not specified.


*******************************************************************************
*** PLACEMENT SUMMARY
***

"A0":  place at address 0x800'0000 { ro section .intvec };
"P1":  place in [from 0x800'0000 to 0x80f'ffff] { ro };
define block CSTACK with size = 1K, alignment = 8 { };
define block HEAP with size = 512, alignment = 8 { };
"P2":  place in [from 0x2000'0000 to 0x2001'ffff] {
          rw, block CSTACK, block HEAP };
initialize by copy { rw };

  Section            Kind         Address    Size  Object
  -------            ----         -------    ----  ------
"A0":                                       0x188
  .intvec            ro code   0x800'0000   0x188  startup_stm32f405xx.o [1]
                             - 0x800'0188   0x188

"P1":                                      0x5143
  .text              ro code   0x800'0188  0x10c6  xprintffull.o [2]
  .text              ro code   0x800'124e    0x3a  zero_init3.o [4]
  .text              ro code   0x800'1288    0x7c  xlocale_c.o [2]
  .text              ro code   0x800'1304    0x16  strchr.o [4]
  .text              ro code   0x800'131a    0x1e  xencoding_8859_1.o [2]
  .text              ro code   0x800'1338    0x40  xfail_s.o [2]
  .text              ro code   0x800'1378    0x36  strlen.o [4]
  .text              ro code   0x800'13ae     0xa  xsprout.o [2]
  .text              ro code   0x800'13b8    0x58  memchr.o [4]
  .text              ro code   0x800'1410    0xa6  ABImemcpy.o [4]
  .rodata            const     0x800'14b6     0x2  xlocale_c.o [2]
  .text              ro code   0x800'14b8    0x70  frexp.o [3]
  .text              ro code   0x800'1528    0x2e  DblCmpLe.o [3]
  .rodata            const     0x800'1556     0x2  xlocale_c.o [2]
  .text              ro code   0x800'1558    0x2e  DblCmpGe.o [3]
  .rodata            const     0x800'1586     0x1  xlocale_c.o [2]
  .text              ro code   0x800'1588   0x13a  ldexp.o [3]
  .text              ro code   0x800'16c4    0x3a  DblToS32.o [3]
  .text              ro code   0x800'1700    0x22  S32ToDbl.o [3]
  .text              ro code   0x800'1724    0xe2  DblSub.o [3]
  .text              ro code   0x800'1808   0x246  DblDiv.o [3]
  .text              ro code   0x800'1a50    0x28  DblToU32.o [3]
  .text              ro code   0x800'1a78    0x1a  U32ToDbl.o [3]
  .text              ro code   0x800'1a94   0x1a2  DblMul.o [3]
  .text              ro code   0x800'1c36     0xa  xmbcurmax.o [2]
  .text              ro code   0x800'1c40   0x106  I64DivMod_small.o [4]
  .text              ro code   0x800'1d46     0x6  abort.o [2]
  .text              ro code   0x800'1d4c   0x17a  DblAdd.o [3]
  .text              ro code   0x800'1ec8     0x2  I64DivZer.o [4]
  .text              ro code   0x800'1ecc    0x14  exit.o [5]
  .text              ro code   0x800'1ee0   0x822  stm32f4xx_hal_i2c.o [1]
  .text              ro code   0x800'2704    0xac  i2c.o [1]
  .text              ro code   0x800'27b0   0x1ac  stm32f4xx_hal_rcc.o [1]
  .text              ro code   0x800'295c     0xc  stm32f4xx_hal.o [1]
  .text              ro code   0x800'2968   0x3d0  main.o [1]
  .text              ro code   0x800'2d38    0x14  memset.o [4]
  .text              ro code   0x800'2d4c   0x1f8  stm32f4xx_hal_gpio.o [1]
  .text              ro code   0x800'2f44    0x40  stm32f4xx_hal.o [1]
  .text              ro code   0x800'2f84    0x34  stm32f4xx_hal.o [1]
  .text              ro code   0x800'2fb8    0xdc  gpio.o [1]
  .text              ro code   0x800'3094    0x44  dma.o [1]
  .text              ro code   0x800'30d8   0x114  adc.o [1]
  .text              ro code   0x800'31ec   0x1d8  tim.o [1]
  .text              ro code   0x800'33c4    0xe0  usart.o [1]
  .text              ro code   0x800'34a4   0x2ce  lcd.o [1]
  .text              ro code   0x800'3774   0x398  stm32f4xx_hal_uart.o [1]
  .text              ro code   0x800'3b0c   0x310  stm32f4xx_hal_rcc.o [1]
  .text              ro code   0x800'3e1c    0x68  DblToFlt.o [3]
  .text              ro code   0x800'3e84    0x48  FltToDbl.o [3]
  .text              ro code   0x800'3ecc    0x40  sprintf.o [2]
  .text              ro code   0x800'3f0c   0x4c6  stm32f4xx_hal_adc.o [1]
  .text              ro code   0x800'43d4    0x28  stm32f4xx_hal.o [1]
  .text              ro code   0x800'43fc   0x56a  stm32f4xx_hal_tim.o [1]
  .text              ro code   0x800'4968    0x66  ABImemset.o [4]
  .text              ro code   0x800'49d0    0xc4  stm32f4xx_hal_cortex.o [1]
  .text              ro code   0x800'4a94    0x38  stm32f4xx_hal_msp.o [1]
  .text              ro code   0x800'4acc   0x3d8  stm32f4xx_hal_dma.o [1]
  .text              ro code   0x800'4ea4    0x8c  stm32f4xx_hal_tim_ex.o [1]
  .text              ro code   0x800'4f30     0x2  stm32f4xx_hal_uart.o [1]
  .text              ro code   0x800'4f32     0x2  stm32f4xx_hal_uart.o [1]
  .text              ro code   0x800'4f34     0x2  stm32f4xx_hal_uart.o [1]
  .text              ro code   0x800'4f36     0x2  stm32f4xx_hal_adc.o [1]
  .text              ro code   0x800'4f38     0x2  stm32f4xx_hal_adc.o [1]
  .text              ro code   0x800'4f3a     0x2  stm32f4xx_hal_adc.o [1]
  .text              ro code   0x800'4f3c     0x2  stm32f4xx_hal_tim.o [1]
  .text              ro code   0x800'4f3e    0x78  lz77_init_single.o [4]
  .text              ro code   0x800'4fb8    0x30  stm32f4xx_it.o [1]
  .text              ro code   0x800'4fe8    0x10  stm32f4xx_hal.o [1]
  .text              ro code   0x800'4ff8    0x2c  system_stm32f4xx.o [1]
  .text              ro code   0x800'5024    0x28  data_init.o [4]
  .text              ro code   0x800'504c    0x22  fpinit_M.o [3]
  .iar.init_table    const     0x800'5070    0x20  - Linker created -
  .text              ro code   0x800'5090    0x1e  cmain.o [4]
  .text              ro code   0x800'50ae     0x4  low_level_init.o [2]
  .text              ro code   0x800'50b2     0x4  exit.o [2]
  .text              ro code   0x800'50b8     0xa  cexit.o [4]
  .text              ro code   0x800'50c4    0x10  startup_stm32f405xx.o [1]
  .text              ro code   0x800'50d4     0xc  cstartup_M.o [4]
  .rodata            const     0x800'50e0     0x8  system_stm32f4xx.o [1]
  .text              ro code   0x800'50e8     0x4  startup_stm32f405xx.o [1]
  .text              ro code   0x800'50ec     0x4  startup_stm32f405xx.o [1]
  .text              ro code   0x800'50f0     0x4  startup_stm32f405xx.o [1]
  .text              ro code   0x800'50f4     0x4  startup_stm32f405xx.o [1]
  .text              ro code   0x800'50f8     0x4  startup_stm32f405xx.o [1]
  .text              ro code   0x800'50fc     0x4  startup_stm32f405xx.o [1]
  .text              ro code   0x800'5100     0x4  startup_stm32f405xx.o [1]
  .text              ro code   0x800'5104     0x4  startup_stm32f405xx.o [1]
  .text              ro code   0x800'5108     0x4  startup_stm32f405xx.o [1]
  .text              ro code   0x800'510c     0x4  startup_stm32f405xx.o [1]
  .text              ro code   0x800'5110     0x4  startup_stm32f405xx.o [1]
  .text              ro code   0x800'5114     0x4  startup_stm32f405xx.o [1]
  .text              ro code   0x800'5118     0x4  startup_stm32f405xx.o [1]
  .text              ro code   0x800'511c     0x4  startup_stm32f405xx.o [1]
  .text              ro code   0x800'5120     0x4  startup_stm32f405xx.o [1]
  .text              ro code   0x800'5124     0x4  startup_stm32f405xx.o [1]
  .text              ro code   0x800'5128     0x4  startup_stm32f405xx.o [1]
  .text              ro code   0x800'512c     0x4  startup_stm32f405xx.o [1]
  .text              ro code   0x800'5130     0x4  startup_stm32f405xx.o [1]
  .text              ro code   0x800'5134     0x4  startup_stm32f405xx.o [1]
  .text              ro code   0x800'5138     0x4  startup_stm32f405xx.o [1]
  .text              ro code   0x800'513c     0x4  startup_stm32f405xx.o [1]
  .text              ro code   0x800'5140     0x4  startup_stm32f405xx.o [1]
  .text              ro code   0x800'5144     0x4  startup_stm32f405xx.o [1]
  .text              ro code   0x800'5148     0x4  startup_stm32f405xx.o [1]
  .text              ro code   0x800'514c     0x4  startup_stm32f405xx.o [1]
  .text              ro code   0x800'5150     0x4  startup_stm32f405xx.o [1]
  .text              ro code   0x800'5154     0x4  startup_stm32f405xx.o [1]
  .text              ro code   0x800'5158     0x4  startup_stm32f405xx.o [1]
  .text              ro code   0x800'515c     0x4  startup_stm32f405xx.o [1]
  .text              ro code   0x800'5160     0x4  startup_stm32f405xx.o [1]
  .text              ro code   0x800'5164     0x4  startup_stm32f405xx.o [1]
  .text              ro code   0x800'5168     0x4  startup_stm32f405xx.o [1]
  .text              ro code   0x800'516c     0x4  startup_stm32f405xx.o [1]
  .text              ro code   0x800'5170     0x4  startup_stm32f405xx.o [1]
  .text              ro code   0x800'5174     0x4  startup_stm32f405xx.o [1]
  .text              ro code   0x800'5178     0x4  startup_stm32f405xx.o [1]
  .text              ro code   0x800'517c     0x4  startup_stm32f405xx.o [1]
  .text              ro code   0x800'5180     0x4  startup_stm32f405xx.o [1]
  .text              ro code   0x800'5184     0x4  startup_stm32f405xx.o [1]
  .text              ro code   0x800'5188     0x4  startup_stm32f405xx.o [1]
  .text              ro code   0x800'518c     0x4  startup_stm32f405xx.o [1]
  .text              ro code   0x800'5190     0x4  startup_stm32f405xx.o [1]
  .text              ro code   0x800'5194     0x4  startup_stm32f405xx.o [1]
  .text              ro code   0x800'5198     0x4  startup_stm32f405xx.o [1]
  .text              ro code   0x800'519c     0x4  startup_stm32f405xx.o [1]
  .text              ro code   0x800'51a0     0x4  startup_stm32f405xx.o [1]
  .text              ro code   0x800'51a4     0x4  startup_stm32f405xx.o [1]
  .text              ro code   0x800'51a8     0x4  startup_stm32f405xx.o [1]
  .text              ro code   0x800'51ac     0x4  startup_stm32f405xx.o [1]
  .text              ro code   0x800'51b0     0x4  startup_stm32f405xx.o [1]
  .text              ro code   0x800'51b4     0x4  startup_stm32f405xx.o [1]
  .text              ro code   0x800'51b8     0x4  startup_stm32f405xx.o [1]
  .text              ro code   0x800'51bc     0x4  startup_stm32f405xx.o [1]
  .text              ro code   0x800'51c0     0x4  startup_stm32f405xx.o [1]
  .text              ro code   0x800'51c4     0x4  startup_stm32f405xx.o [1]
  .text              ro code   0x800'51c8     0x4  startup_stm32f405xx.o [1]
  .text              ro code   0x800'51cc     0x4  startup_stm32f405xx.o [1]
  .text              ro code   0x800'51d0     0x4  startup_stm32f405xx.o [1]
  .text              ro code   0x800'51d4     0x4  startup_stm32f405xx.o [1]
  .text              ro code   0x800'51d8     0x4  startup_stm32f405xx.o [1]
  .text              ro code   0x800'51dc     0x4  startup_stm32f405xx.o [1]
  .text              ro code   0x800'51e0     0x4  startup_stm32f405xx.o [1]
  .text              ro code   0x800'51e4     0x4  startup_stm32f405xx.o [1]
  .text              ro code   0x800'51e8     0x4  startup_stm32f405xx.o [1]
  .text              ro code   0x800'51ec     0x4  startup_stm32f405xx.o [1]
  .text              ro code   0x800'51f0     0x4  startup_stm32f405xx.o [1]
  .text              ro code   0x800'51f4     0x4  startup_stm32f405xx.o [1]
  .text              ro code   0x800'51f8     0x4  startup_stm32f405xx.o [1]
  .text              ro code   0x800'51fc     0x4  startup_stm32f405xx.o [1]
  .text              ro code   0x800'5200     0x4  startup_stm32f405xx.o [1]
  .text              ro code   0x800'5204     0x4  startup_stm32f405xx.o [1]
  .text              ro code   0x800'5208     0x4  startup_stm32f405xx.o [1]
  .text              ro code   0x800'520c     0x4  startup_stm32f405xx.o [1]
  .text              ro code   0x800'5210     0x4  startup_stm32f405xx.o [1]
  .rodata            const     0x800'5214     0x0  zero_init3.o [4]
  .rodata            const     0x800'5214     0x0  lz77_init_single.o [4]
  Initializer bytes  const     0x800'5214    0xb7  <for P2-1>
                             - 0x800'52cb  0x5143

"P2", part 1 of 3:                          0x114
  P2-1                        0x2000'0000   0x114  <Init block>
    .data            inited   0x2000'0000    0x84  main.o [1]
    .data            inited   0x2000'0084     0xc  stm32f4xx_hal.o [1]
    .data            inited   0x2000'0090     0x4  system_stm32f4xx.o [1]
    .data            inited   0x2000'0094    0x38  xlocale_c.o [2]
    .data            inited   0x2000'00cc    0x48  xlocale_c.o [2]
                            - 0x2000'0114   0x114

"P2", part 2 of 3:                          0x220
  .bss               zero     0x2000'0114    0x60  adc.o [1]
  .bss               zero     0x2000'0174    0x60  usart.o [1]
  .bss               zero     0x2000'01d4    0x54  i2c.o [1]
  .bss               zero     0x2000'0228    0x48  adc.o [1]
  .bss               zero     0x2000'0270    0x40  tim.o [1]
  .bss               zero     0x2000'02b0    0x40  tim.o [1]
  .bss               zero     0x2000'02f0    0x40  usart.o [1]
  .bss               zero     0x2000'0330     0x4  xfail_s.o [2]
                            - 0x2000'0334   0x220

"P2", part 3 of 3:                          0x400
  CSTACK                      0x2000'0338   0x400  <Block>
    CSTACK           uninit   0x2000'0338   0x400  <Block tail>
                            - 0x2000'0738   0x400

Unused ranges:

         From           To      Size
         ----           --      ----
   0x800'52cb   0x80f'ffff  0xf'ad35
  0x2000'0334  0x2000'0337       0x4
  0x2000'0738  0x2001'ffff  0x1'f8c8


*******************************************************************************
*** INIT TABLE
***

          Address      Size
          -------      ----
Zero (__iar_zero_init3)
    1 destination range, total size 0x220:
          0x2000'0114  0x220

Copy/lz77 (__iar_lz77_init_single3)
    1 source range, total size 0xb7 (66% of destination):
           0x800'5214   0xb7
    1 destination range, total size 0x114:
          0x2000'0000  0x114



*******************************************************************************
*** MODULE SUMMARY
***

    Module                  ro code  ro data  rw data
    ------                  -------  -------  -------
command line/config:
    -------------------------------------------------
    Total:

D:\Backups\IoT\ARM\Practice\Test\EWARM\Test\Obj: [1]
    adc.o                       276               168
    dma.o                        68
    gpio.o                      220
    i2c.o                       172                84
    lcd.o                       718
    main.o                      976       87      132
    startup_stm32f405xx.o       708
    stm32f4xx_hal.o             184        8       12
    stm32f4xx_hal_adc.o       1'228
    stm32f4xx_hal_cortex.o      196
    stm32f4xx_hal_dma.o         984
    stm32f4xx_hal_gpio.o        504
    stm32f4xx_hal_i2c.o       2'082
    stm32f4xx_hal_msp.o          56
    stm32f4xx_hal_rcc.o       1'212
    stm32f4xx_hal_tim.o       1'388
    stm32f4xx_hal_tim_ex.o      140
    stm32f4xx_hal_uart.o        926
    stm32f4xx_it.o               48
    system_stm32f4xx.o           44       11        4
    tim.o                       472               128
    usart.o                     224               160
    -------------------------------------------------
    Total:                   12'826      106      688

dl7M_tlf.a: [2]
    abort.o                       6
    exit.o                        4
    low_level_init.o              4
    sprintf.o                    64
    xencoding_8859_1.o           30
    xfail_s.o                    64                 4
    xlocale_c.o                 124       89      128
    xmbcurmax.o                  10
    xprintffull.o             4'294
    xsprout.o                    10
    -------------------------------------------------
    Total:                    4'610       89      132

m7M_tls.a: [3]
    DblAdd.o                    378
    DblCmpGe.o                   46
    DblCmpLe.o                   46
    DblDiv.o                    582
    DblMul.o                    418
    DblSub.o                    226
    DblToFlt.o                  104
    DblToS32.o                   58
    DblToU32.o                   40
    FltToDbl.o                   72
    S32ToDbl.o                   34
    U32ToDbl.o                   26
    fpinit_M.o                   34
    frexp.o                     112
    ldexp.o                     314
    -------------------------------------------------
    Total:                    2'490

rt7M_tl.a: [4]
    ABImemcpy.o                 166
    ABImemset.o                 102
    I64DivMod_small.o           262
    I64DivZer.o                   2
    cexit.o                      10
    cmain.o                      30
    cstartup_M.o                 12
    data_init.o                  40
    lz77_init_single.o          120
    memchr.o                     88
    memset.o                     20
    strchr.o                     22
    strlen.o                     54
    zero_init3.o                 58
    -------------------------------------------------
    Total:                      986

shb_l.a: [5]
    exit.o                       20
    -------------------------------------------------
    Total:                       20

    Gaps                         33        2
    Linker created                        33    1'024
-----------------------------------------------------
    Grand Total:             20'965      230    1'844


*******************************************************************************
*** ENTRY LIST
***

Entry                       Address   Size  Type      Object
-----                       -------   ----  ----      ------
.iar.init_table$$Base    0x800'5070          --   Gb  - Linker created -
.iar.init_table$$Limit   0x800'5090          --   Gb  - Linker created -
?main                    0x800'5091         Code  Gb  cmain.o [4]
ADC_DMAConvCplt          0x800'4351   0x66  Code  Lc  stm32f4xx_hal_adc.o [1]
ADC_DMAError             0x800'43c1   0x12  Code  Lc  stm32f4xx_hal_adc.o [1]
ADC_DMAHalfConvCplt      0x800'43b9    0x6  Code  Lc  stm32f4xx_hal_adc.o [1]
AHBPrescTable            0x800'5014   0x10  Data  Gb  system_stm32f4xx.o [1]
APBPrescTable            0x800'50e0    0x8  Data  Gb  system_stm32f4xx.o [1]
BusFault_Handler         0x800'4fbf    0x2  Code  Gb  stm32f4xx_it.o [1]
CSTACK$$Base            0x2000'0338          --   Gb  - Linker created -
CSTACK$$Limit           0x2000'0738          --   Gb  - Linker created -
CacheMore                0x800'128d   0x28  Code  Lc  xlocale_c.o [2]
DMA2_Stream0_IRQHandler
                         0x800'4fd5    0x6  Code  Gb  stm32f4xx_it.o [1]
DMA2_Stream7_IRQHandler
                         0x800'4fdb    0x6  Code  Gb  stm32f4xx_it.o [1]
DMA_CalcBaseAndBitshift
                         0x800'4e75   0x26  Code  Lc  stm32f4xx_hal_dma.o [1]
DMA_CalcBaseAndBitshift::flagBitshiftOffset
                         0x800'4e9c    0x8  Data  Lc  stm32f4xx_hal_dma.o [1]
DMA_SetConfig            0x800'4e55   0x20  Code  Lc  stm32f4xx_hal_dma.o [1]
DebugMon_Handler         0x800'4fc5    0x2  Code  Gb  stm32f4xx_it.o [1]
EXTI15_10_IRQHandler     0x800'4fcd    0x8  Code  Gb  stm32f4xx_it.o [1]
Error_Handler            0x800'2d09    0x2  Code  Gb  main.o [1]
HAL_ADC_ConfigChannel    0x800'41f5  0x110  Code  Gb  stm32f4xx_hal_adc.o [1]
HAL_ADC_Init             0x800'3f0d  0x154  Code  Gb  stm32f4xx_hal_adc.o [1]
HAL_ADC_MspInit          0x800'3139   0x98  Code  Gb  adc.o [1]
HAL_ADC_Start_DMA        0x800'4093  0x10e  Code  Gb  stm32f4xx_hal_adc.o [1]
HAL_ADC_Stop_DMA         0x800'41a1   0x54  Code  Gb  stm32f4xx_hal_adc.o [1]
HAL_DMA_Abort            0x800'4c1d   0x78  Code  Gb  stm32f4xx_hal_dma.o [1]
HAL_DMA_IRQHandler       0x800'4c95  0x188  Code  Gb  stm32f4xx_hal_dma.o [1]
HAL_DMA_Init             0x800'4acd   0xee  Code  Gb  stm32f4xx_hal_dma.o [1]
HAL_DMA_Start_IT         0x800'4bbb   0x62  Code  Gb  stm32f4xx_hal_dma.o [1]
HAL_Delay                0x800'43d5   0x28  Code  Wk  stm32f4xx_hal.o [1]
HAL_GPIO_EXTI_Callback   0x800'2cfd    0xc  Code  Gb  main.o [1]
HAL_GPIO_EXTI_IRQHandler
                         0x800'2f03   0x10  Code  Gb  stm32f4xx_hal_gpio.o [1]
HAL_GPIO_Init            0x800'2d4d  0x1ae  Code  Gb  stm32f4xx_hal_gpio.o [1]
HAL_GPIO_WritePin        0x800'2efb    0x8  Code  Gb  stm32f4xx_hal_gpio.o [1]
HAL_GetTick              0x800'295d    0xc  Code  Wk  stm32f4xx_hal.o [1]
HAL_I2C_Init             0x800'1ee1  0x12c  Code  Gb  stm32f4xx_hal_i2c.o [1]
HAL_I2C_Master_Receive   0x800'214f  0x1b4  Code  Gb  stm32f4xx_hal_i2c.o [1]
HAL_I2C_Master_Transmit
                         0x800'2019  0x136  Code  Gb  stm32f4xx_hal_i2c.o [1]
HAL_I2C_MspInit          0x800'2735   0x66  Code  Gb  i2c.o [1]
HAL_IncTick              0x800'4fe9   0x10  Code  Wk  stm32f4xx_hal.o [1]
HAL_Init                 0x800'2f85   0x30  Code  Gb  stm32f4xx_hal.o [1]
HAL_InitTick             0x800'2f45   0x40  Code  Wk  stm32f4xx_hal.o [1]
HAL_MspInit              0x800'4a95   0x38  Code  Gb  stm32f4xx_hal_msp.o [1]
HAL_NVIC_EnableIRQ       0x800'4a3f   0x16  Code  Gb  stm32f4xx_hal_cortex.o [1]
HAL_NVIC_SetPriority     0x800'4a05   0x3a  Code  Gb  stm32f4xx_hal_cortex.o [1]
HAL_NVIC_SetPriorityGrouping
                         0x800'49eb   0x1a  Code  Gb  stm32f4xx_hal_cortex.o [1]
HAL_RCC_ClockConfig      0x800'27b1  0x100  Code  Gb  stm32f4xx_hal_rcc.o [1]
HAL_RCC_GetPCLK1Freq     0x800'28bd   0x10  Code  Gb  stm32f4xx_hal_rcc.o [1]
HAL_RCC_GetPCLK2Freq     0x800'28cd    0xe  Code  Gb  stm32f4xx_hal_rcc.o [1]
HAL_RCC_OscConfig        0x800'3b0d  0x310  Code  Wk  stm32f4xx_hal_rcc.o [1]
HAL_SYSTICK_Config       0x800'4a55   0x28  Code  Gb  stm32f4xx_hal_cortex.o [1]
HAL_TIMEx_MasterConfigSynchronization
                         0x800'4ea5   0x6e  Code  Gb  stm32f4xx_hal_tim_ex.o [1]
HAL_TIM_Base_Init        0x800'43fd   0x1a  Code  Gb  stm32f4xx_hal_tim.o [1]
HAL_TIM_Base_MspInit     0x800'32ff   0x40  Code  Gb  tim.o [1]
HAL_TIM_ConfigClockSource
                         0x800'4609   0x90  Code  Gb  stm32f4xx_hal_tim.o [1]
HAL_TIM_MspPostInit      0x800'333f   0x48  Code  Gb  tim.o [1]
HAL_TIM_PWM_ConfigChannel
                         0x800'4519   0xbc  Code  Gb  stm32f4xx_hal_tim.o [1]
HAL_TIM_PWM_Init         0x800'444b   0x1a  Code  Gb  stm32f4xx_hal_tim.o [1]
HAL_TIM_PWM_Start        0x800'4465   0x14  Code  Gb  stm32f4xx_hal_tim.o [1]
HAL_TIM_PWM_Stop         0x800'4483   0x32  Code  Gb  stm32f4xx_hal_tim.o [1]
HAL_UART_Init            0x800'3775   0x1e  Code  Gb  stm32f4xx_hal_uart.o [1]
HAL_UART_MspInit         0x800'33f3   0x9a  Code  Gb  usart.o [1]
HAL_UART_Receive         0x800'37eb   0xae  Code  Gb  stm32f4xx_hal_uart.o [1]
HAL_UART_Transmit_DMA    0x800'38a1   0x78  Code  Gb  stm32f4xx_hal_uart.o [1]
HardFault_Handler        0x800'4fbb    0x2  Code  Gb  stm32f4xx_it.o [1]
I2C_IsAcknowledgeFailed
                         0x800'26d7   0x2c  Code  Lc  stm32f4xx_hal_i2c.o [1]
I2C_WaitOnBTFFlagUntilTimeout
                         0x800'2645   0x3a  Code  Lc  stm32f4xx_hal_i2c.o [1]
I2C_WaitOnFlagUntilTimeout
                         0x800'251b   0x50  Code  Lc  stm32f4xx_hal_i2c.o [1]
I2C_WaitOnMasterAddressFlagUntilTimeout
                         0x800'256b   0x76  Code  Lc  stm32f4xx_hal_i2c.o [1]
I2C_WaitOnRXNEFlagUntilTimeout
                         0x800'267f   0x44  Code  Lc  stm32f4xx_hal_i2c.o [1]
I2C_WaitOnTXEFlagUntilTimeout
                         0x800'25ef   0x3a  Code  Lc  stm32f4xx_hal_i2c.o [1]
Init                     0x800'2a77   0x22  Code  Gb  main.o [1]
LedRun                   0x800'2c5f   0x4a  Code  Gb  main.o [1]
MX_ADC1_Init             0x800'30d9   0x60  Code  Gb  adc.o [1]
MX_DMA_Init              0x800'3095   0x44  Code  Gb  dma.o [1]
MX_GPIO_Init             0x800'2fb9   0xbc  Code  Gb  gpio.o [1]
MX_I2C1_Init             0x800'2705   0x30  Code  Gb  i2c.o [1]
MX_TIM2_Init             0x800'31ed   0x64  Code  Gb  tim.o [1]
MX_TIM5_Init             0x800'3251   0x5e  Code  Gb  tim.o [1]
MX_USART1_UART_Init      0x800'33c5   0x2e  Code  Gb  usart.o [1]
MemManage_Handler        0x800'4fbd    0x2  Code  Gb  stm32f4xx_it.o [1]
NMI_Handler              0x800'4fb9    0x2  Code  Gb  stm32f4xx_it.o [1]
PendSV_Handler           0x800'4fc7    0x2  Code  Gb  stm32f4xx_it.o [1]
PlayPiano                0x800'2be9   0x76  Code  Gb  main.o [1]
PrintCds                 0x800'2b99   0x4a  Code  Gb  main.o [1]
PrintHumi                0x800'2b05   0x46  Code  Gb  main.o [1]
PrintTemp                0x800'2ab9   0x44  Code  Gb  main.o [1]
PrintTempHumi            0x800'2a99   0x20  Code  Gb  main.o [1]
Region$$Table$$Base      0x800'5070          --   Gb  - Linker created -
Region$$Table$$Limit     0x800'5090          --   Gb  - Linker created -
SVC_Handler              0x800'4fc3    0x2  Code  Gb  stm32f4xx_it.o [1]
SysTick_Handler          0x800'4fc9    0x4  Code  Gb  stm32f4xx_it.o [1]
SystemClock_Config       0x800'29e1   0x96  Code  Gb  main.o [1]
SystemCoreClock         0x2000'0090    0x4  Data  Gb  system_stm32f4xx.o [1]
SystemInit               0x800'4ff9   0x14  Code  Gb  system_stm32f4xx.o [1]
TIM_Base_SetConfig       0x800'46c3   0x96  Code  Gb  stm32f4xx_hal_tim.o [1]
TIM_CCxChannelCmd        0x800'494b   0x16  Code  Gb  stm32f4xx_hal_tim.o [1]
TIM_ETR_SetConfig        0x800'4937   0x14  Code  Gb  stm32f4xx_hal_tim.o [1]
TIM_ITRx_SetConfig       0x800'4927   0x10  Code  Lc  stm32f4xx_hal_tim.o [1]
TIM_OC1_SetConfig        0x800'4759   0x58  Code  Lc  stm32f4xx_hal_tim.o [1]
TIM_OC2_SetConfig        0x800'47b1   0x60  Code  Gb  stm32f4xx_hal_tim.o [1]
TIM_OC3_SetConfig        0x800'4811   0x5e  Code  Lc  stm32f4xx_hal_tim.o [1]
TIM_OC4_SetConfig        0x800'486f   0x46  Code  Lc  stm32f4xx_hal_tim.o [1]
TIM_TI1_ConfigInputStage
                         0x800'48e5   0x1e  Code  Lc  stm32f4xx_hal_tim.o [1]
TIM_TI2_ConfigInputStage
                         0x800'4903   0x24  Code  Lc  stm32f4xx_hal_tim.o [1]
UART_DMAError            0x800'394d   0x4a  Code  Lc  stm32f4xx_hal_uart.o [1]
UART_DMATransmitCplt     0x800'3919   0x2a  Code  Lc  stm32f4xx_hal_uart.o [1]
UART_DMATxHalfCplt       0x800'3945    0x6  Code  Lc  stm32f4xx_hal_uart.o [1]
UART_EndRxTransfer       0x800'3a0d   0x1c  Code  Lc  stm32f4xx_hal_uart.o [1]
UART_EndTxTransfer       0x800'39fb   0x12  Code  Lc  stm32f4xx_hal_uart.o [1]
UART_SetConfig           0x800'3a29   0xca  Code  Lc  stm32f4xx_hal_uart.o [1]
UART_WaitOnFlagUntilTimeout
                         0x800'3997   0x56  Code  Lc  stm32f4xx_hal_uart.o [1]
UsageFault_Handler       0x800'4fc1    0x2  Code  Gb  stm32f4xx_it.o [1]
_Encoding_8859_1_Mbrlen
                         0x800'132d    0x2  Code  Gb  xencoding_8859_1.o [2]
_Encoding_8859_1_Wctomb
                         0x800'131b   0x12  Code  Gb  xencoding_8859_1.o [2]
_LitobFull               0x800'109b  0x10a  Code  Lc  xprintffull.o [2]
_Locale_lconv           0x2000'0094   0x38  Data  Lc  xlocale_c.o [2]
_PrintfFull              0x800'0189  0xcc2  Code  Gb  xprintffull.o [2]
_PutcharsFull            0x800'120d   0x2e  Code  Lc  xprintffull.o [2]
_PutstrFull              0x800'0fdb   0xc0  Code  Lc  xprintffull.o [2]
_PuttxtFull              0x800'0ecf  0x10c  Code  Lc  xprintffull.o [2]
_SProut                  0x800'13af    0xa  Code  Gb  xsprout.o [2]
__NVIC_SetPriority       0x800'49d1   0x1a  Code  Lc  stm32f4xx_hal_cortex.o [1]
__aeabi_cdcmple          0x800'1529         Code  Gb  DblCmpLe.o [3]
__aeabi_cdrcmple         0x800'1559         Code  Gb  DblCmpGe.o [3]
__aeabi_d2f              0x800'3e1d         Code  Gb  DblToFlt.o [3]
__aeabi_d2iz             0x800'16c5         Code  Gb  DblToS32.o [3]
__aeabi_d2uiz            0x800'1a51         Code  Gb  DblToU32.o [3]
__aeabi_dadd             0x800'1d4d         Code  Gb  DblAdd.o [3]
__aeabi_ddiv             0x800'1809         Code  Gb  DblDiv.o [3]
__aeabi_dmul             0x800'1a95         Code  Gb  DblMul.o [3]
__aeabi_dsub             0x800'1725         Code  Gb  DblSub.o [3]
__aeabi_f2d              0x800'3e85         Code  Gb  FltToDbl.o [3]
__aeabi_i2d              0x800'1701         Code  Gb  S32ToDbl.o [3]
__aeabi_ldiv0            0x800'1ec9         Code  Gb  I64DivZer.o [4]
__aeabi_memcpy           0x800'1411         Code  Gb  ABImemcpy.o [4]
__aeabi_memcpy4          0x800'1431         Code  Gb  ABImemcpy.o [4]
__aeabi_memcpy8          0x800'1431         Code  Gb  ABImemcpy.o [4]
__aeabi_memset           0x800'4969         Code  Gb  ABImemset.o [4]
__aeabi_ui2d             0x800'1a79         Code  Gb  U32ToDbl.o [3]
__cmain                  0x800'5091         Code  Gb  cmain.o [4]
__exit                   0x800'1ecd   0x14  Code  Gb  exit.o [5]
__iar_Fail_s             0x800'1339   0x1c  Code  Gb  xfail_s.o [2]
__iar_Mbcurmax           0x800'1c37    0xa  Code  Gb  xmbcurmax.o [2]
__iar_Memchr             0x800'13b9         Code  Gb  memchr.o [4]
__iar_Memset             0x800'4969         Code  Gb  ABImemset.o [4]
__iar_Memset_word        0x800'4971         Code  Gb  ABImemset.o [4]
__iar_Strchr             0x800'1305         Code  Gb  strchr.o [4]
__iar_dadd               0x800'1735         Code  Gb  DblSub.o [3]
__iar_data_init3         0x800'5025   0x28  Code  Gb  data_init.o [4]
__iar_dsub               0x800'1d5d         Code  Gb  DblAdd.o [3]
__iar_dsubStart          0x800'1d6f         Code  Gb  DblAdd.o [3]
__iar_frexp              0x800'14c5         Code  Gb  frexp.o [3]
__iar_frexpl             0x800'14c5         Code  Gb  frexp.o [3]
__iar_globLocale        0x2000'00cc   0x48  Data  Lc  xlocale_c.o [2]
__iar_global_Locale      0x800'1289    0x4  Code  Gb  xlocale_c.o [2]
__iar_init_vfp           0x800'504d         Code  Gb  fpinit_M.o [3]
__iar_ldexp64            0x800'1589         Code  Gb  ldexp.o [3]
__iar_lz77_init_single3
                         0x800'4f3f   0x78  Code  Gb  lz77_init_single.o [4]
__iar_program_start      0x800'50d5         Code  Gb  cstartup_M.o [4]
__iar_scalbln64          0x800'1589         Code  Gb  ldexp.o [3]
__iar_scalbn64           0x800'1589         Code  Gb  ldexp.o [3]
__iar_small_uldivmod     0x800'1c41         Code  Gb  I64DivMod_small.o [4]
__iar_softfp___iar_frexp64
                         0x800'14b9         Code  Gb  frexp.o [3]
__iar_softfp_frexp       0x800'14b9         Code  Gb  frexp.o [3]
__iar_softfp_frexpl      0x800'14b9         Code  Gb  frexp.o [3]
__iar_zero_init3         0x800'124f   0x3a  Code  Gb  zero_init3.o [4]
__low_level_init         0x800'50af    0x4  Code  Gb  low_level_init.o [2]
__vector_table           0x800'0000         Data  Gb  startup_stm32f405xx.o [1]
_call_main               0x800'509d         Code  Gb  cmain.o [4]
_exit                    0x800'50b9         Code  Gb  cexit.o [4]
_gLocale_mblen           0x800'12f1    0x4  Code  Gb  xlocale_c.o [2]
_gLocale_mblenInt        0x800'12b5   0x2c  Code  Gb  xlocale_c.o [2]
_gLocale_wctomb          0x800'12f5    0x4  Code  Gb  xlocale_c.o [2]
_gLocale_wctombInt       0x800'12ed    0x4  Code  Gb  xlocale_c.o [2]
_main                    0x800'50ab         Code  Gb  cmain.o [4]
abort                    0x800'1d47    0x6  Code  Gb  abort.o [2]
enable                  0x2000'0000    0x1  Data  Gb  main.o [1]
exit                     0x800'50b3    0x4  Code  Gb  exit.o [2]
hadc1                   0x2000'0228   0x48  Data  Gb  adc.o [1]
hdma_adc1               0x2000'0114   0x60  Data  Gb  adc.o [1]
hdma_usart1_tx          0x2000'0174   0x60  Data  Gb  usart.o [1]
hi2c1                   0x2000'01d4   0x54  Data  Gb  i2c.o [1]
htim2                   0x2000'0270   0x40  Data  Gb  tim.o [1]
htim5                   0x2000'02b0   0x40  Data  Gb  tim.o [1]
huart1                  0x2000'02f0   0x40  Data  Gb  usart.o [1]
lcdClear                 0x800'3737    0x4  Code  Gb  lcd.o [1]
lcdControlWrite          0x800'3673    0xc  Code  Gb  lcd.o [1]
lcdDataWrite             0x800'367f   0x12  Code  Gb  lcd.o [1]
lcdGotoXY                0x800'373b   0x1e  Code  Gb  lcd.o [1]
lcdInit                  0x800'3705   0x32  Code  Gb  lcd.o [1]
lcdInitHW                0x800'3611   0x62  Code  Gb  lcd.o [1]
lcdPrint                 0x800'3759   0x1a  Code  Gb  lcd.o [1]
lcdmDelay                0x800'35f3   0x1e  Code  Lc  lcd.o [1]
lcduDelay                0x800'34a5  0x14e  Code  Lc  lcd.o [1]
ldexp                    0x800'1589         Code  Gb  ldexp.o [3]
ldexpl                   0x800'1589         Code  Gb  ldexp.o [3]
localeconv               0x800'12f9    0x4  Code  Gb  xlocale_c.o [2]
main                     0x800'2969   0x78  Code  Gb  main.o [1]
melodies                0x2000'0004   0x20  Data  Gb  main.o [1]
memchr                   0x800'13b9         Code  Gb  memchr.o [4]
memset                   0x800'2d39   0x14  Code  Gb  memset.o [4]
menu                    0x2000'0024   0x60  Data  Gb  main.o [1]
rxData                  0x2000'0001    0x1  Data  Gb  main.o [1]
scalbln                  0x800'1589         Code  Gb  ldexp.o [3]
scalblnl                 0x800'1589         Code  Gb  ldexp.o [3]
scalbn                   0x800'1589         Code  Gb  ldexp.o [3]
scalbnl                  0x800'1589         Code  Gb  ldexp.o [3]
scale                    0x800'11a5   0x46  Code  Lc  xprintffull.o [2]
sec_hand                0x2000'0330    0x4  Data  Lc  xfail_s.o [2]
sprintf                  0x800'3ecd   0x40  Code  Gb  sprintf.o [2]
strchr                   0x800'1305         Code  Gb  strchr.o [4]
strlen                   0x800'1379         Code  Gb  strlen.o [4]
uwTick                  0x2000'0088    0x4  Data  Gb  stm32f4xx_hal.o [1]
uwTickFreq              0x2000'0084    0x1  Data  Gb  stm32f4xx_hal.o [1]
uwTickPrio              0x2000'008c    0x4  Data  Gb  stm32f4xx_hal.o [1]


[1] = D:\Backups\IoT\ARM\Practice\Test\EWARM\Test\Obj
[2] = dl7M_tlf.a
[3] = m7M_tls.a
[4] = rt7M_tl.a
[5] = shb_l.a

  20'965 bytes of readonly  code memory
     230 bytes of readonly  data memory
   1'844 bytes of readwrite data memory

Errors: none
Warnings: none
