###############################################################################
#
# IAR ELF Linker V8.50.4.261/W32 for ARM                  23/Jun/2020  17:26:39
# Copyright 2007-2020 IAR Systems AB.
#
#    Output file  =
#        D:\Backups\IoT\ARM\Practice\USART_LCD\EWARM\USART_LCD\Exe\USART_LCD.out
#    Map file     =
#        D:\Backups\IoT\ARM\Practice\USART_LCD\EWARM\USART_LCD\List\USART_LCD.map
#    Command line =
#        -f C:\Users\Karunio\AppData\Local\Temp\EW2DFC.tmp
#        (D:\Backups\IoT\ARM\Practice\USART_LCD\EWARM\USART_LCD\Obj\gpio.o
#        D:\Backups\IoT\ARM\Practice\USART_LCD\EWARM\USART_LCD\Obj\lcd.o
#        D:\Backups\IoT\ARM\Practice\USART_LCD\EWARM\USART_LCD\Obj\main.o
#        D:\Backups\IoT\ARM\Practice\USART_LCD\EWARM\USART_LCD\Obj\startup_stm32f405xx.o
#        D:\Backups\IoT\ARM\Practice\USART_LCD\EWARM\USART_LCD\Obj\stm32f4xx_hal.o
#        D:\Backups\IoT\ARM\Practice\USART_LCD\EWARM\USART_LCD\Obj\stm32f4xx_hal_cortex.o
#        D:\Backups\IoT\ARM\Practice\USART_LCD\EWARM\USART_LCD\Obj\stm32f4xx_hal_dma.o
#        D:\Backups\IoT\ARM\Practice\USART_LCD\EWARM\USART_LCD\Obj\stm32f4xx_hal_dma_ex.o
#        D:\Backups\IoT\ARM\Practice\USART_LCD\EWARM\USART_LCD\Obj\stm32f4xx_hal_exti.o
#        D:\Backups\IoT\ARM\Practice\USART_LCD\EWARM\USART_LCD\Obj\stm32f4xx_hal_flash.o
#        D:\Backups\IoT\ARM\Practice\USART_LCD\EWARM\USART_LCD\Obj\stm32f4xx_hal_flash_ex.o
#        D:\Backups\IoT\ARM\Practice\USART_LCD\EWARM\USART_LCD\Obj\stm32f4xx_hal_flash_ramfunc.o
#        D:\Backups\IoT\ARM\Practice\USART_LCD\EWARM\USART_LCD\Obj\stm32f4xx_hal_gpio.o
#        D:\Backups\IoT\ARM\Practice\USART_LCD\EWARM\USART_LCD\Obj\stm32f4xx_hal_msp.o
#        D:\Backups\IoT\ARM\Practice\USART_LCD\EWARM\USART_LCD\Obj\stm32f4xx_hal_pwr.o
#        D:\Backups\IoT\ARM\Practice\USART_LCD\EWARM\USART_LCD\Obj\stm32f4xx_hal_pwr_ex.o
#        D:\Backups\IoT\ARM\Practice\USART_LCD\EWARM\USART_LCD\Obj\stm32f4xx_hal_rcc.o
#        D:\Backups\IoT\ARM\Practice\USART_LCD\EWARM\USART_LCD\Obj\stm32f4xx_hal_rcc_ex.o
#        D:\Backups\IoT\ARM\Practice\USART_LCD\EWARM\USART_LCD\Obj\stm32f4xx_hal_tim.o
#        D:\Backups\IoT\ARM\Practice\USART_LCD\EWARM\USART_LCD\Obj\stm32f4xx_hal_tim_ex.o
#        D:\Backups\IoT\ARM\Practice\USART_LCD\EWARM\USART_LCD\Obj\stm32f4xx_hal_uart.o
#        D:\Backups\IoT\ARM\Practice\USART_LCD\EWARM\USART_LCD\Obj\stm32f4xx_it.o
#        D:\Backups\IoT\ARM\Practice\USART_LCD\EWARM\USART_LCD\Obj\system_stm32f4xx.o
#        D:\Backups\IoT\ARM\Practice\USART_LCD\EWARM\USART_LCD\Obj\usart.o
#        --redirect _Printf=_PrintfFull --redirect _Scanf=_ScanfFull
#        --no_out_extension -o
#        D:\Backups\IoT\ARM\Practice\USART_LCD\EWARM\USART_LCD\Exe\USART_LCD.out
#        --map
#        D:\Backups\IoT\ARM\Practice\USART_LCD\EWARM\USART_LCD\List\USART_LCD.map
#        --config
#        D:\Backups\IoT\ARM\Practice\USART_LCD\EWARM/stm32f405xx_flash.icf
#        --semihosting --entry __iar_program_start --vfe --text_out locale)
#
###############################################################################

*******************************************************************************
*** RUNTIME MODEL ATTRIBUTES
***

CppFlavor       = *
__SystemLibrary = DLib
__dlib_version  = 6


*******************************************************************************
*** HEAP SELECTION
***

The basic heap was selected because some modules are built with
size limitations (and not runtime checking), and --advanced_heap
was not specified.


*******************************************************************************
*** PLACEMENT SUMMARY
***

"A0":  place at address 0x800'0000 { ro section .intvec };
"P1":  place in [from 0x800'0000 to 0x80f'ffff] { ro };
define block CSTACK with size = 1K, alignment = 8 { };
define block HEAP with size = 512, alignment = 8 { };
"P2":  place in [from 0x2000'0000 to 0x2001'ffff] {
          rw, block CSTACK, block HEAP };
initialize by copy { rw };

  Section            Kind         Address    Size  Object
  -------            ----         -------    ----  ------
"A0":                                       0x188
  .intvec            ro code   0x800'0000   0x188  startup_stm32f405xx.o [1]
                             - 0x800'0188   0x188

"P1":                                      0x1565
  .text              ro code   0x800'0188   0x3d4  stm32f4xx_hal_uart.o [1]
  .text              ro code   0x800'055c    0xb4  usart.o [1]
  .text              ro code   0x800'0610    0x24  stm32f4xx_hal_dma.o [1]
  .text              ro code   0x800'0634     0x2  stm32f4xx_hal_uart.o [1]
  .text              ro code   0x800'0636     0x2  stm32f4xx_hal_uart.o [1]
  .text              ro code   0x800'0638   0x10a  main.o [1]
  .text              ro code   0x800'0744   0x1ac  stm32f4xx_hal_rcc.o [1]
  .text              ro code   0x800'08f0   0x106  I64DivMod_small.o [4]
  .text              ro code   0x800'09f6    0x14  memset.o [4]
  .text              ro code   0x800'0a0c   0x1e4  stm32f4xx_hal_gpio.o [1]
  .text              ro code   0x800'0bf0    0xc4  stm32f4xx_hal_cortex.o [1]
  .text              ro code   0x800'0cb4    0x34  stm32f4xx_hal.o [1]
  .text              ro code   0x800'0ce8    0xb4  gpio.o [1]
  .text              ro code   0x800'0d9c   0x2b4  lcd.o [1]
  .text              ro code   0x800'1050   0x310  stm32f4xx_hal_rcc.o [1]
  .text              ro code   0x800'1360     0xc  stm32f4xx_hal.o [1]
  .text              ro code   0x800'136c    0x40  stm32f4xx_hal.o [1]
  .text              ro code   0x800'13ac     0x2  I64DivZer.o [4]
  .text              ro code   0x800'13b0    0x66  ABImemset.o [4]
  .text              ro code   0x800'1418    0x38  stm32f4xx_hal_msp.o [1]
  .text              ro code   0x800'1450    0x38  packbits_init_single.o [4]
  .text              ro code   0x800'1488    0x2c  system_stm32f4xx.o [1]
  .text              ro code   0x800'14b4    0x28  data_init.o [4]
  .text              ro code   0x800'14dc    0x22  fpinit_M.o [3]
  .iar.init_table    const     0x800'1500    0x10  - Linker created -
  .text              ro code   0x800'1510    0x20  stm32f4xx_it.o [1]
  .text              ro code   0x800'1530    0x10  stm32f4xx_hal.o [1]
  .text              ro code   0x800'1540    0x1e  cmain.o [4]
  .text              ro code   0x800'155e     0x4  low_level_init.o [2]
  .text              ro code   0x800'1562     0x4  exit.o [2]
  .text              ro code   0x800'1568     0xa  cexit.o [4]
  .text              ro code   0x800'1574    0x14  exit.o [5]
  .text              ro code   0x800'1588    0x10  startup_stm32f405xx.o [1]
  .text              ro code   0x800'1598     0xc  cstartup_M.o [4]
  .rodata            const     0x800'15a4     0x8  system_stm32f4xx.o [1]
  .text              ro code   0x800'15ac     0x4  startup_stm32f405xx.o [1]
  .text              ro code   0x800'15b0     0x4  startup_stm32f405xx.o [1]
  .text              ro code   0x800'15b4     0x4  startup_stm32f405xx.o [1]
  .text              ro code   0x800'15b8     0x4  startup_stm32f405xx.o [1]
  .text              ro code   0x800'15bc     0x4  startup_stm32f405xx.o [1]
  .text              ro code   0x800'15c0     0x4  startup_stm32f405xx.o [1]
  .text              ro code   0x800'15c4     0x4  startup_stm32f405xx.o [1]
  .text              ro code   0x800'15c8     0x4  startup_stm32f405xx.o [1]
  .text              ro code   0x800'15cc     0x4  startup_stm32f405xx.o [1]
  .text              ro code   0x800'15d0     0x4  startup_stm32f405xx.o [1]
  .text              ro code   0x800'15d4     0x4  startup_stm32f405xx.o [1]
  .text              ro code   0x800'15d8     0x4  startup_stm32f405xx.o [1]
  .text              ro code   0x800'15dc     0x4  startup_stm32f405xx.o [1]
  .text              ro code   0x800'15e0     0x4  startup_stm32f405xx.o [1]
  .text              ro code   0x800'15e4     0x4  startup_stm32f405xx.o [1]
  .text              ro code   0x800'15e8     0x4  startup_stm32f405xx.o [1]
  .text              ro code   0x800'15ec     0x4  startup_stm32f405xx.o [1]
  .text              ro code   0x800'15f0     0x4  startup_stm32f405xx.o [1]
  .text              ro code   0x800'15f4     0x4  startup_stm32f405xx.o [1]
  .text              ro code   0x800'15f8     0x4  startup_stm32f405xx.o [1]
  .text              ro code   0x800'15fc     0x4  startup_stm32f405xx.o [1]
  .text              ro code   0x800'1600     0x4  startup_stm32f405xx.o [1]
  .text              ro code   0x800'1604     0x4  startup_stm32f405xx.o [1]
  .text              ro code   0x800'1608     0x4  startup_stm32f405xx.o [1]
  .text              ro code   0x800'160c     0x4  startup_stm32f405xx.o [1]
  .text              ro code   0x800'1610     0x4  startup_stm32f405xx.o [1]
  .text              ro code   0x800'1614     0x4  startup_stm32f405xx.o [1]
  .text              ro code   0x800'1618     0x4  startup_stm32f405xx.o [1]
  .text              ro code   0x800'161c     0x4  startup_stm32f405xx.o [1]
  .text              ro code   0x800'1620     0x4  startup_stm32f405xx.o [1]
  .text              ro code   0x800'1624     0x4  startup_stm32f405xx.o [1]
  .text              ro code   0x800'1628     0x4  startup_stm32f405xx.o [1]
  .text              ro code   0x800'162c     0x4  startup_stm32f405xx.o [1]
  .text              ro code   0x800'1630     0x4  startup_stm32f405xx.o [1]
  .text              ro code   0x800'1634     0x4  startup_stm32f405xx.o [1]
  .text              ro code   0x800'1638     0x4  startup_stm32f405xx.o [1]
  .text              ro code   0x800'163c     0x4  startup_stm32f405xx.o [1]
  .text              ro code   0x800'1640     0x4  startup_stm32f405xx.o [1]
  .text              ro code   0x800'1644     0x4  startup_stm32f405xx.o [1]
  .text              ro code   0x800'1648     0x4  startup_stm32f405xx.o [1]
  .text              ro code   0x800'164c     0x4  startup_stm32f405xx.o [1]
  .text              ro code   0x800'1650     0x4  startup_stm32f405xx.o [1]
  .text              ro code   0x800'1654     0x4  startup_stm32f405xx.o [1]
  .text              ro code   0x800'1658     0x4  startup_stm32f405xx.o [1]
  .text              ro code   0x800'165c     0x4  startup_stm32f405xx.o [1]
  .text              ro code   0x800'1660     0x4  startup_stm32f405xx.o [1]
  .text              ro code   0x800'1664     0x4  startup_stm32f405xx.o [1]
  .text              ro code   0x800'1668     0x4  startup_stm32f405xx.o [1]
  .text              ro code   0x800'166c     0x4  startup_stm32f405xx.o [1]
  .text              ro code   0x800'1670     0x4  startup_stm32f405xx.o [1]
  .text              ro code   0x800'1674     0x4  startup_stm32f405xx.o [1]
  .text              ro code   0x800'1678     0x4  startup_stm32f405xx.o [1]
  .text              ro code   0x800'167c     0x4  startup_stm32f405xx.o [1]
  .text              ro code   0x800'1680     0x4  startup_stm32f405xx.o [1]
  .text              ro code   0x800'1684     0x4  startup_stm32f405xx.o [1]
  .text              ro code   0x800'1688     0x4  startup_stm32f405xx.o [1]
  .text              ro code   0x800'168c     0x4  startup_stm32f405xx.o [1]
  .text              ro code   0x800'1690     0x4  startup_stm32f405xx.o [1]
  .text              ro code   0x800'1694     0x4  startup_stm32f405xx.o [1]
  .text              ro code   0x800'1698     0x4  startup_stm32f405xx.o [1]
  .text              ro code   0x800'169c     0x4  startup_stm32f405xx.o [1]
  .text              ro code   0x800'16a0     0x4  startup_stm32f405xx.o [1]
  .text              ro code   0x800'16a4     0x4  startup_stm32f405xx.o [1]
  .text              ro code   0x800'16a8     0x4  startup_stm32f405xx.o [1]
  .text              ro code   0x800'16ac     0x4  startup_stm32f405xx.o [1]
  .text              ro code   0x800'16b0     0x4  startup_stm32f405xx.o [1]
  .text              ro code   0x800'16b4     0x4  startup_stm32f405xx.o [1]
  .text              ro code   0x800'16b8     0x4  startup_stm32f405xx.o [1]
  .text              ro code   0x800'16bc     0x4  startup_stm32f405xx.o [1]
  .text              ro code   0x800'16c0     0x4  startup_stm32f405xx.o [1]
  .text              ro code   0x800'16c4     0x4  startup_stm32f405xx.o [1]
  .text              ro code   0x800'16c8     0x4  startup_stm32f405xx.o [1]
  .text              ro code   0x800'16cc     0x4  startup_stm32f405xx.o [1]
  .text              ro code   0x800'16d0     0x4  startup_stm32f405xx.o [1]
  .text              ro code   0x800'16d4     0x4  startup_stm32f405xx.o [1]
  .text              ro code   0x800'16d8     0x4  startup_stm32f405xx.o [1]
  .text              ro code   0x800'16dc     0x4  startup_stm32f405xx.o [1]
  .rodata            const     0x800'16e0     0x0  packbits_init_single.o [4]
  Initializer bytes  const     0x800'16e0     0xd  <for P2-1>
                             - 0x800'16ed  0x1565

"P2", part 1 of 2:                           0x51
  P2-1                        0x2000'0000    0x51  <Init block>
    .data            inited   0x2000'0000     0xc  stm32f4xx_hal.o [1]
    .data            inited   0x2000'000c     0x4  system_stm32f4xx.o [1]
    .bss             inited   0x2000'0010    0x40  usart.o [1]
    .bss             inited   0x2000'0050     0x1  main.o [1]
                            - 0x2000'0051    0x51

"P2", part 2 of 2:                          0x400
  CSTACK                      0x2000'0058   0x400  <Block>
    CSTACK           uninit   0x2000'0058   0x400  <Block tail>
                            - 0x2000'0458   0x400

Unused ranges:

         From           To      Size
         ----           --      ----
   0x800'16ed   0x80f'ffff  0xf'e913
  0x2000'0051  0x2000'0057       0x7
  0x2000'0458  0x2001'ffff  0x1'fba8


*******************************************************************************
*** INIT TABLE
***

          Address      Size
          -------      ----
Copy/packbits (__iar_packbits_init_single3)
    1 source range, total size 0xd (16% of destination):
           0x800'16e0   0xd
    1 destination range, total size 0x51:
          0x2000'0000  0x51



*******************************************************************************
*** MODULE SUMMARY
***

    Module                  ro code  ro data  rw data
    ------                  -------  -------  -------
command line/config:
    -------------------------------------------------
    Total:

D:\Backups\IoT\ARM\Practice\USART_LCD\EWARM\USART_LCD\Obj: [1]
    gpio.o                      180
    lcd.o                       692
    main.o                      266        1        1
    startup_stm32f405xx.o       716
    stm32f4xx_hal.o             144        1       12
    stm32f4xx_hal_cortex.o      196
    stm32f4xx_hal_dma.o          36
    stm32f4xx_hal_gpio.o        484
    stm32f4xx_hal_msp.o          56
    stm32f4xx_hal_rcc.o       1'212
    stm32f4xx_hal_uart.o        984
    stm32f4xx_it.o               32
    system_stm32f4xx.o           44        9        4
    usart.o                     180       10       64
    -------------------------------------------------
    Total:                    5'222       21       81

dl7M_tln.a: [2]
    exit.o                        4
    low_level_init.o              4
    -------------------------------------------------
    Total:                        8

m7M_tls.a: [3]
    fpinit_M.o                   34
    -------------------------------------------------
    Total:                       34

rt7M_tl.a: [4]
    ABImemset.o                 102
    I64DivMod_small.o           262
    I64DivZer.o                   2
    cexit.o                      10
    cmain.o                      30
    cstartup_M.o                 12
    data_init.o                  40
    memset.o                     20
    packbits_init_single.o       56
    -------------------------------------------------
    Total:                      534

shb_l.a: [5]
    exit.o                       20
    -------------------------------------------------
    Total:                       20

    Gaps                         12        2
    Linker created                        16    1'024
-----------------------------------------------------
    Grand Total:              5'830       39    1'105


*******************************************************************************
*** ENTRY LIST
***

Entry                       Address   Size  Type      Object
-----                       -------   ----  ----      ------
.iar.init_table$$Base    0x800'1500          --   Gb  - Linker created -
.iar.init_table$$Limit   0x800'1510          --   Gb  - Linker created -
?main                    0x800'1541         Code  Gb  cmain.o [4]
AHBPrescTable            0x800'14a4   0x10  Data  Gb  system_stm32f4xx.o [1]
APBPrescTable            0x800'15a4    0x8  Data  Gb  system_stm32f4xx.o [1]
BusFault_Handler         0x800'1517    0x2  Code  Gb  stm32f4xx_it.o [1]
CSTACK$$Base            0x2000'0058          --   Gb  - Linker created -
CSTACK$$Limit           0x2000'0458          --   Gb  - Linker created -
DebugMon_Handler         0x800'151d    0x2  Code  Gb  stm32f4xx_it.o [1]
Error_Handler            0x800'0741    0x2  Code  Gb  main.o [1]
HAL_DMA_Abort_IT         0x800'0611   0x24  Code  Gb  stm32f4xx_hal_dma.o [1]
HAL_GPIO_Init            0x800'0a0d  0x1ae  Code  Gb  stm32f4xx_hal_gpio.o [1]
HAL_GPIO_WritePin        0x800'0bbb    0x8  Code  Gb  stm32f4xx_hal_gpio.o [1]
HAL_GetTick              0x800'1361    0xc  Code  Wk  stm32f4xx_hal.o [1]
HAL_IncTick              0x800'1531   0x10  Code  Wk  stm32f4xx_hal.o [1]
HAL_Init                 0x800'0cb5   0x30  Code  Gb  stm32f4xx_hal.o [1]
HAL_InitTick             0x800'136d   0x40  Code  Wk  stm32f4xx_hal.o [1]
HAL_MspInit              0x800'1419   0x38  Code  Gb  stm32f4xx_hal_msp.o [1]
HAL_NVIC_EnableIRQ       0x800'0c5f   0x16  Code  Gb  stm32f4xx_hal_cortex.o [1]
HAL_NVIC_SetPriority     0x800'0c25   0x3a  Code  Gb  stm32f4xx_hal_cortex.o [1]
HAL_NVIC_SetPriorityGrouping
                         0x800'0c0b   0x1a  Code  Gb  stm32f4xx_hal_cortex.o [1]
HAL_RCC_ClockConfig      0x800'0745  0x100  Code  Gb  stm32f4xx_hal_rcc.o [1]
HAL_RCC_GetPCLK1Freq     0x800'0851   0x10  Code  Gb  stm32f4xx_hal_rcc.o [1]
HAL_RCC_GetPCLK2Freq     0x800'0861    0xe  Code  Gb  stm32f4xx_hal_rcc.o [1]
HAL_RCC_OscConfig        0x800'1051  0x310  Code  Wk  stm32f4xx_hal_rcc.o [1]
HAL_SYSTICK_Config       0x800'0c75   0x28  Code  Gb  stm32f4xx_hal_cortex.o [1]
HAL_UART_IRQHandler      0x800'0261  0x15c  Code  Gb  stm32f4xx_hal_uart.o [1]
HAL_UART_Init            0x800'0189   0x1e  Code  Gb  stm32f4xx_hal_uart.o [1]
HAL_UART_MspInit         0x800'058b   0x76  Code  Gb  usart.o [1]
HAL_UART_Receive_IT      0x800'01ff   0x56  Code  Gb  stm32f4xx_hal_uart.o [1]
HAL_UART_RxCpltCallback
                         0x800'06fd   0x22  Code  Gb  main.o [1]
HardFault_Handler        0x800'1513    0x2  Code  Gb  stm32f4xx_it.o [1]
MX_GPIO_Init             0x800'0ce9   0x96  Code  Gb  gpio.o [1]
MX_USART1_UART_Init      0x800'055d   0x2e  Code  Gb  usart.o [1]
MemManage_Handler        0x800'1515    0x2  Code  Gb  stm32f4xx_it.o [1]
NMI_Handler              0x800'1511    0x2  Code  Gb  stm32f4xx_it.o [1]
PendSV_Handler           0x800'151f    0x2  Code  Gb  stm32f4xx_it.o [1]
Region$$Table$$Base      0x800'1500          --   Gb  - Linker created -
Region$$Table$$Limit     0x800'1510          --   Gb  - Linker created -
SVC_Handler              0x800'151b    0x2  Code  Gb  stm32f4xx_it.o [1]
SysTick_Handler          0x800'1521    0x4  Code  Gb  stm32f4xx_it.o [1]
SystemClock_Config       0x800'0667   0x96  Code  Gb  main.o [1]
SystemCoreClock         0x2000'000c    0x4  Data  Gb  system_stm32f4xx.o [1]
SystemInit               0x800'1489   0x14  Code  Gb  system_stm32f4xx.o [1]
UART_DMAAbortOnError     0x800'03d9    0xc  Code  Lc  stm32f4xx_hal_uart.o [1]
UART_EndRxTransfer       0x800'03bd   0x1c  Code  Lc  stm32f4xx_hal_uart.o [1]
UART_Receive_IT          0x800'03e5   0x92  Code  Lc  stm32f4xx_hal_uart.o [1]
UART_SetConfig           0x800'0477   0xca  Code  Lc  stm32f4xx_hal_uart.o [1]
USART1_IRQHandler        0x800'1525    0x6  Code  Gb  stm32f4xx_it.o [1]
UsageFault_Handler       0x800'1519    0x2  Code  Gb  stm32f4xx_it.o [1]
__NVIC_SetPriority       0x800'0bf1   0x1a  Code  Lc  stm32f4xx_hal_cortex.o [1]
__aeabi_ldiv0            0x800'13ad         Code  Gb  I64DivZer.o [4]
__aeabi_memset           0x800'13b1         Code  Gb  ABImemset.o [4]
__cmain                  0x800'1541         Code  Gb  cmain.o [4]
__exit                   0x800'1575   0x14  Code  Gb  exit.o [5]
__iar_Memset             0x800'13b1         Code  Gb  ABImemset.o [4]
__iar_Memset_word        0x800'13b9         Code  Gb  ABImemset.o [4]
__iar_data_init3         0x800'14b5   0x28  Code  Gb  data_init.o [4]
__iar_init_vfp           0x800'14dd         Code  Gb  fpinit_M.o [3]
__iar_packbits_init_single3
                         0x800'1451   0x38  Code  Gb  packbits_init_single.o [4]
__iar_program_start      0x800'1599         Code  Gb  cstartup_M.o [4]
__iar_small_uldivmod     0x800'08f1         Code  Gb  I64DivMod_small.o [4]
__low_level_init         0x800'155f    0x4  Code  Gb  low_level_init.o [2]
__vector_table           0x800'0000         Data  Gb  startup_stm32f405xx.o [1]
_call_main               0x800'154d         Code  Gb  cmain.o [4]
_exit                    0x800'1569         Code  Gb  cexit.o [4]
_main                    0x800'155b         Code  Gb  cmain.o [4]
exit                     0x800'1563    0x4  Code  Gb  exit.o [2]
huart1                  0x2000'0010   0x40  Data  Gb  usart.o [1]
lcdClear                 0x800'102f    0x4  Code  Gb  lcd.o [1]
lcdControlWrite          0x800'0f6b    0xc  Code  Gb  lcd.o [1]
lcdDataWrite             0x800'0f77   0x12  Code  Gb  lcd.o [1]
lcdGotoXY                0x800'1033   0x1e  Code  Gb  lcd.o [1]
lcdInit                  0x800'0ffd   0x32  Code  Gb  lcd.o [1]
lcdInitHW                0x800'0f09   0x62  Code  Gb  lcd.o [1]
lcdmDelay                0x800'0eeb   0x1e  Code  Lc  lcd.o [1]
lcduDelay                0x800'0d9d  0x14e  Code  Lc  lcd.o [1]
main                     0x800'0639   0x2e  Code  Gb  main.o [1]
memset                   0x800'09f7   0x14  Code  Gb  memset.o [4]
rxData                  0x2000'0050    0x1  Data  Gb  main.o [1]
uwTick                  0x2000'0004    0x4  Data  Gb  stm32f4xx_hal.o [1]
uwTickFreq              0x2000'0000    0x1  Data  Gb  stm32f4xx_hal.o [1]
uwTickPrio              0x2000'0008    0x4  Data  Gb  stm32f4xx_hal.o [1]


[1] = D:\Backups\IoT\ARM\Practice\USART_LCD\EWARM\USART_LCD\Obj
[2] = dl7M_tln.a
[3] = m7M_tls.a
[4] = rt7M_tl.a
[5] = shb_l.a

  5'830 bytes of readonly  code memory
     39 bytes of readonly  data memory
  1'105 bytes of readwrite data memory

Errors: none
Warnings: none
