###############################################################################
#
# IAR ELF Linker V8.50.4.261/W32 for ARM                  23/Jun/2020  17:07:31
# Copyright 2007-2020 IAR Systems AB.
#
#    Output file  =  D:\Backups\IoT\ARM\Practice\TIM\EWARM\TIM\Exe\TIM.out
#    Map file     =  D:\Backups\IoT\ARM\Practice\TIM\EWARM\TIM\List\TIM.map
#    Command line =
#        -f C:\Users\Karunio\AppData\Local\Temp\EWAD95.tmp
#        (D:\Backups\IoT\ARM\Practice\TIM\EWARM\TIM\Obj\gpio.o
#        D:\Backups\IoT\ARM\Practice\TIM\EWARM\TIM\Obj\lcd.o
#        D:\Backups\IoT\ARM\Practice\TIM\EWARM\TIM\Obj\main.o
#        D:\Backups\IoT\ARM\Practice\TIM\EWARM\TIM\Obj\startup_stm32f405xx.o
#        D:\Backups\IoT\ARM\Practice\TIM\EWARM\TIM\Obj\stm32f4xx_hal.o
#        D:\Backups\IoT\ARM\Practice\TIM\EWARM\TIM\Obj\stm32f4xx_hal_cortex.o
#        D:\Backups\IoT\ARM\Practice\TIM\EWARM\TIM\Obj\stm32f4xx_hal_dma.o
#        D:\Backups\IoT\ARM\Practice\TIM\EWARM\TIM\Obj\stm32f4xx_hal_dma_ex.o
#        D:\Backups\IoT\ARM\Practice\TIM\EWARM\TIM\Obj\stm32f4xx_hal_exti.o
#        D:\Backups\IoT\ARM\Practice\TIM\EWARM\TIM\Obj\stm32f4xx_hal_flash.o
#        D:\Backups\IoT\ARM\Practice\TIM\EWARM\TIM\Obj\stm32f4xx_hal_flash_ex.o
#        D:\Backups\IoT\ARM\Practice\TIM\EWARM\TIM\Obj\stm32f4xx_hal_flash_ramfunc.o
#        D:\Backups\IoT\ARM\Practice\TIM\EWARM\TIM\Obj\stm32f4xx_hal_gpio.o
#        D:\Backups\IoT\ARM\Practice\TIM\EWARM\TIM\Obj\stm32f4xx_hal_msp.o
#        D:\Backups\IoT\ARM\Practice\TIM\EWARM\TIM\Obj\stm32f4xx_hal_pwr.o
#        D:\Backups\IoT\ARM\Practice\TIM\EWARM\TIM\Obj\stm32f4xx_hal_pwr_ex.o
#        D:\Backups\IoT\ARM\Practice\TIM\EWARM\TIM\Obj\stm32f4xx_hal_rcc.o
#        D:\Backups\IoT\ARM\Practice\TIM\EWARM\TIM\Obj\stm32f4xx_hal_rcc_ex.o
#        D:\Backups\IoT\ARM\Practice\TIM\EWARM\TIM\Obj\stm32f4xx_hal_tim.o
#        D:\Backups\IoT\ARM\Practice\TIM\EWARM\TIM\Obj\stm32f4xx_hal_tim_ex.o
#        D:\Backups\IoT\ARM\Practice\TIM\EWARM\TIM\Obj\stm32f4xx_it.o
#        D:\Backups\IoT\ARM\Practice\TIM\EWARM\TIM\Obj\system_stm32f4xx.o
#        D:\Backups\IoT\ARM\Practice\TIM\EWARM\TIM\Obj\tim.o --redirect
#        _Printf=_PrintfFull --redirect _Scanf=_ScanfFull --no_out_extension -o
#        D:\Backups\IoT\ARM\Practice\TIM\EWARM\TIM\Exe\TIM.out --map
#        D:\Backups\IoT\ARM\Practice\TIM\EWARM\TIM\List\TIM.map --config
#        D:\Backups\IoT\ARM\Practice\TIM\EWARM/stm32f405xx_flash.icf
#        --semihosting --entry __iar_program_start --vfe --text_out locale)
#
###############################################################################

*******************************************************************************
*** RUNTIME MODEL ATTRIBUTES
***

CppFlavor       = *
__SystemLibrary = DLib
__dlib_version  = 6


*******************************************************************************
*** HEAP SELECTION
***

The basic heap was selected because some modules are built with
size limitations (and not runtime checking), and --advanced_heap
was not specified.


*******************************************************************************
*** PLACEMENT SUMMARY
***

"A0":  place at address 0x800'0000 { ro section .intvec };
"P1":  place in [from 0x800'0000 to 0x80f'ffff] { ro };
define block CSTACK with size = 1K, alignment = 8 { };
define block HEAP with size = 512, alignment = 8 { };
"P2":  place in [from 0x2000'0000 to 0x2001'ffff] {
          rw, block CSTACK, block HEAP };
initialize by copy { rw };

  Section            Kind         Address    Size  Object
  -------            ----         -------    ----  ------
"A0":                                       0x188
  .intvec            ro code   0x800'0000   0x188  startup_stm32f405xx.o [1]
                             - 0x800'0188   0x188

"P1":                                      0x3371
  .text              ro code   0x800'0188  0x10c6  xprintffull.o [2]
  .text              ro code   0x800'124e    0x3a  zero_init3.o [4]
  .text              ro code   0x800'1288    0x7c  xlocale_c.o [2]
  .text              ro code   0x800'1304    0x16  strchr.o [4]
  .text              ro code   0x800'131a    0x1e  xencoding_8859_1.o [2]
  .text              ro code   0x800'1338    0x40  xfail_s.o [2]
  .text              ro code   0x800'1378    0x14  strlen_small.o [4]
  .text              ro code   0x800'138c    0x58  memchr.o [4]
  .text              ro code   0x800'13e4    0xa6  ABImemcpy.o [4]
  .text              ro code   0x800'148a     0xa  xsprout.o [2]
  .text              ro code   0x800'1494    0x70  frexp.o [3]
  .text              ro code   0x800'1504    0x2e  DblCmpLe.o [3]
  .rodata            const     0x800'1532     0x2  xlocale_c.o [2]
  .text              ro code   0x800'1534    0x2e  DblCmpGe.o [3]
  .rodata            const     0x800'1562     0x2  xlocale_c.o [2]
  .text              ro code   0x800'1564   0x13a  ldexp.o [3]
  .rodata            const     0x800'169e     0x1  xlocale_c.o [2]
  .text              ro code   0x800'16a0    0x3a  DblToS32.o [3]
  .text              ro code   0x800'16dc    0x22  S32ToDbl.o [3]
  .text              ro code   0x800'1700    0xe2  DblSub.o [3]
  .text              ro code   0x800'17e4   0x246  DblDiv.o [3]
  .text              ro code   0x800'1a2c    0x28  DblToU32.o [3]
  .text              ro code   0x800'1a54    0x1a  U32ToDbl.o [3]
  .text              ro code   0x800'1a70   0x1a2  DblMul.o [3]
  .text              ro code   0x800'1c12     0xa  xmbcurmax.o [2]
  .text              ro code   0x800'1c1c   0x106  I64DivMod_small.o [4]
  .text              ro code   0x800'1d22     0x6  abort.o [2]
  .text              ro code   0x800'1d28   0x16a  DblAdd.o [3]
  .text              ro code   0x800'1e94     0x2  I64DivZer.o [4]
  .text              ro code   0x800'1e98    0x14  exit.o [5]
  .text              ro code   0x800'1eac   0x394  stm32f4xx_hal_tim.o [1]
  .text              ro code   0x800'2240   0x164  tim.o [1]
  .text              ro code   0x800'23a4     0x2  stm32f4xx_hal_tim.o [1]
  .text              ro code   0x800'23a6     0x2  stm32f4xx_hal_tim.o [1]
  .text              ro code   0x800'23a8   0x1b0  main.o [1]
  .text              ro code   0x800'2558     0x2  stm32f4xx_hal_tim_ex.o [1]
  .text              ro code   0x800'255a     0x2  stm32f4xx_hal_tim.o [1]
  .text              ro code   0x800'255c     0x2  stm32f4xx_hal_tim_ex.o [1]
  .text              ro code   0x800'255e     0x2  stm32f4xx_hal_tim.o [1]
  .text              ro code   0x800'2560    0x14  memset.o [4]
  .text              ro code   0x800'2574    0x8c  stm32f4xx_hal_tim_ex.o [1]
  .text              ro code   0x800'2600    0xc4  stm32f4xx_hal_cortex.o [1]
  .text              ro code   0x800'26c4    0x34  stm32f4xx_hal.o [1]
  .text              ro code   0x800'26f8    0xb8  gpio.o [1]
  .text              ro code   0x800'27b0     0x6  ABImemclr4.o [4]
  .text              ro code   0x800'27b8   0x310  stm32f4xx_hal_rcc.o [1]
  .text              ro code   0x800'2ac8   0x180  stm32f4xx_hal_rcc.o [1]
  .text              ro code   0x800'2c48    0x40  sprintf.o [2]
  .text              ro code   0x800'2c88   0x236  lcd.o [1]
  .text              ro code   0x800'2ec0   0x1f0  stm32f4xx_hal_gpio.o [1]
  .text              ro code   0x800'30b0    0x66  ABImemset.o [4]
  .text              ro code   0x800'3118    0x40  stm32f4xx_hal.o [1]
  .text              ro code   0x800'3158    0x38  stm32f4xx_hal_msp.o [1]
  .text              ro code   0x800'3190    0x32  ABImemset48.o [4]
  .text              ro code   0x800'31c4     0xc  stm32f4xx_hal.o [1]
  .text              ro code   0x800'31d0    0x78  lz77_init_single.o [4]
  .text              ro code   0x800'3248    0x34  stm32f4xx_it.o [1]
  .text              ro code   0x800'327c    0x10  stm32f4xx_hal.o [1]
  .text              ro code   0x800'328c    0x2c  system_stm32f4xx.o [1]
  .text              ro code   0x800'32b8    0x28  data_init.o [4]
  .rodata            const     0x800'32e0    0x24  main.o [1]
  .text              ro code   0x800'3304    0x22  fpinit_M.o [3]
  .iar.init_table    const     0x800'3328    0x20  - Linker created -
  .text              ro code   0x800'3348    0x1e  cmain.o [4]
  .text              ro code   0x800'3366     0x4  low_level_init.o [2]
  .text              ro code   0x800'336a     0x4  exit.o [2]
  .text              ro code   0x800'3370     0xa  cexit.o [4]
  .text              ro code   0x800'337c    0x10  startup_stm32f405xx.o [1]
  .text              ro code   0x800'338c     0xc  cstartup_M.o [4]
  .text              ro code   0x800'3398     0x4  startup_stm32f405xx.o [1]
  .text              ro code   0x800'339c     0x4  startup_stm32f405xx.o [1]
  .text              ro code   0x800'33a0     0x4  startup_stm32f405xx.o [1]
  .text              ro code   0x800'33a4     0x4  startup_stm32f405xx.o [1]
  .text              ro code   0x800'33a8     0x4  startup_stm32f405xx.o [1]
  .text              ro code   0x800'33ac     0x4  startup_stm32f405xx.o [1]
  .text              ro code   0x800'33b0     0x4  startup_stm32f405xx.o [1]
  .text              ro code   0x800'33b4     0x4  startup_stm32f405xx.o [1]
  .text              ro code   0x800'33b8     0x4  startup_stm32f405xx.o [1]
  .text              ro code   0x800'33bc     0x4  startup_stm32f405xx.o [1]
  .text              ro code   0x800'33c0     0x4  startup_stm32f405xx.o [1]
  .text              ro code   0x800'33c4     0x4  startup_stm32f405xx.o [1]
  .text              ro code   0x800'33c8     0x4  startup_stm32f405xx.o [1]
  .text              ro code   0x800'33cc     0x4  startup_stm32f405xx.o [1]
  .text              ro code   0x800'33d0     0x4  startup_stm32f405xx.o [1]
  .text              ro code   0x800'33d4     0x4  startup_stm32f405xx.o [1]
  .text              ro code   0x800'33d8     0x4  startup_stm32f405xx.o [1]
  .text              ro code   0x800'33dc     0x4  startup_stm32f405xx.o [1]
  .text              ro code   0x800'33e0     0x4  startup_stm32f405xx.o [1]
  .text              ro code   0x800'33e4     0x4  startup_stm32f405xx.o [1]
  .text              ro code   0x800'33e8     0x4  startup_stm32f405xx.o [1]
  .text              ro code   0x800'33ec     0x4  startup_stm32f405xx.o [1]
  .text              ro code   0x800'33f0     0x4  startup_stm32f405xx.o [1]
  .text              ro code   0x800'33f4     0x4  startup_stm32f405xx.o [1]
  .text              ro code   0x800'33f8     0x4  startup_stm32f405xx.o [1]
  .text              ro code   0x800'33fc     0x4  startup_stm32f405xx.o [1]
  .text              ro code   0x800'3400     0x4  startup_stm32f405xx.o [1]
  .text              ro code   0x800'3404     0x4  startup_stm32f405xx.o [1]
  .text              ro code   0x800'3408     0x4  startup_stm32f405xx.o [1]
  .text              ro code   0x800'340c     0x4  startup_stm32f405xx.o [1]
  .text              ro code   0x800'3410     0x4  startup_stm32f405xx.o [1]
  .text              ro code   0x800'3414     0x4  startup_stm32f405xx.o [1]
  .text              ro code   0x800'3418     0x4  startup_stm32f405xx.o [1]
  .text              ro code   0x800'341c     0x4  startup_stm32f405xx.o [1]
  .text              ro code   0x800'3420     0x4  startup_stm32f405xx.o [1]
  .text              ro code   0x800'3424     0x4  startup_stm32f405xx.o [1]
  .text              ro code   0x800'3428     0x4  startup_stm32f405xx.o [1]
  .text              ro code   0x800'342c     0x4  startup_stm32f405xx.o [1]
  .text              ro code   0x800'3430     0x4  startup_stm32f405xx.o [1]
  .text              ro code   0x800'3434     0x4  startup_stm32f405xx.o [1]
  .text              ro code   0x800'3438     0x4  startup_stm32f405xx.o [1]
  .text              ro code   0x800'343c     0x4  startup_stm32f405xx.o [1]
  .text              ro code   0x800'3440     0x4  startup_stm32f405xx.o [1]
  .text              ro code   0x800'3444     0x4  startup_stm32f405xx.o [1]
  .text              ro code   0x800'3448     0x4  startup_stm32f405xx.o [1]
  .text              ro code   0x800'344c     0x4  startup_stm32f405xx.o [1]
  .text              ro code   0x800'3450     0x4  startup_stm32f405xx.o [1]
  .text              ro code   0x800'3454     0x4  startup_stm32f405xx.o [1]
  .text              ro code   0x800'3458     0x4  startup_stm32f405xx.o [1]
  .text              ro code   0x800'345c     0x4  startup_stm32f405xx.o [1]
  .text              ro code   0x800'3460     0x4  startup_stm32f405xx.o [1]
  .text              ro code   0x800'3464     0x4  startup_stm32f405xx.o [1]
  .text              ro code   0x800'3468     0x4  startup_stm32f405xx.o [1]
  .text              ro code   0x800'346c     0x4  startup_stm32f405xx.o [1]
  .text              ro code   0x800'3470     0x4  startup_stm32f405xx.o [1]
  .text              ro code   0x800'3474     0x4  startup_stm32f405xx.o [1]
  .text              ro code   0x800'3478     0x4  startup_stm32f405xx.o [1]
  .text              ro code   0x800'347c     0x4  startup_stm32f405xx.o [1]
  .text              ro code   0x800'3480     0x4  startup_stm32f405xx.o [1]
  .text              ro code   0x800'3484     0x4  startup_stm32f405xx.o [1]
  .text              ro code   0x800'3488     0x4  startup_stm32f405xx.o [1]
  .text              ro code   0x800'348c     0x4  startup_stm32f405xx.o [1]
  .text              ro code   0x800'3490     0x4  startup_stm32f405xx.o [1]
  .text              ro code   0x800'3494     0x4  startup_stm32f405xx.o [1]
  .text              ro code   0x800'3498     0x4  startup_stm32f405xx.o [1]
  .text              ro code   0x800'349c     0x4  startup_stm32f405xx.o [1]
  .text              ro code   0x800'34a0     0x4  startup_stm32f405xx.o [1]
  .text              ro code   0x800'34a4     0x4  startup_stm32f405xx.o [1]
  .text              ro code   0x800'34a8     0x4  startup_stm32f405xx.o [1]
  .text              ro code   0x800'34ac     0x4  startup_stm32f405xx.o [1]
  .text              ro code   0x800'34b0     0x4  startup_stm32f405xx.o [1]
  .text              ro code   0x800'34b4     0x4  startup_stm32f405xx.o [1]
  .text              ro code   0x800'34b8     0x4  startup_stm32f405xx.o [1]
  .text              ro code   0x800'34bc     0x4  startup_stm32f405xx.o [1]
  .text              ro code   0x800'34c0     0x4  startup_stm32f405xx.o [1]
  .rodata            const     0x800'34c4     0x0  zero_init3.o [4]
  .rodata            const     0x800'34c4     0x0  lz77_init_single.o [4]
  Initializer bytes  const     0x800'34c4    0x35  <for P2-1>
                             - 0x800'34f9  0x3371

"P2", part 1 of 3:                           0x90
  P2-1                        0x2000'0000    0x90  <Init block>
    .data            inited   0x2000'0000     0xc  stm32f4xx_hal.o [1]
    .data            inited   0x2000'000c     0x4  system_stm32f4xx.o [1]
    .data            inited   0x2000'0010    0x38  xlocale_c.o [2]
    .data            inited   0x2000'0048    0x48  xlocale_c.o [2]
                            - 0x2000'0090    0x90

"P2", part 2 of 3:                           0xd8
  .bss               zero     0x2000'0090    0x40  tim.o [1]
  .bss               zero     0x2000'00d0    0x40  tim.o [1]
  .bss               zero     0x2000'0110    0x40  tim.o [1]
  .bss               zero     0x2000'0150    0x14  main.o [1]
  .bss               zero     0x2000'0164     0x4  xfail_s.o [2]
                            - 0x2000'0168    0xd8

"P2", part 3 of 3:                          0x400
  CSTACK                      0x2000'0168   0x400  <Block>
    CSTACK           uninit   0x2000'0168   0x400  <Block tail>
                            - 0x2000'0568   0x400

Unused ranges:

         From           To      Size
         ----           --      ----
   0x800'34f9   0x80f'ffff  0xf'cb07
  0x2000'0568  0x2001'ffff  0x1'fa98


*******************************************************************************
*** INIT TABLE
***

          Address      Size
          -------      ----
Zero (__iar_zero_init3)
    1 destination range, total size 0xd8:
          0x2000'0090  0xd8

Copy/lz77 (__iar_lz77_init_single3)
    1 source range, total size 0x35 (36% of destination):
           0x800'34c4  0x35
    1 destination range, total size 0x90:
          0x2000'0000  0x90



*******************************************************************************
*** MODULE SUMMARY
***

    Module                  ro code  ro data  rw data
    ------                  -------  -------  -------
command line/config:
    -------------------------------------------------
    Total:

D:\Backups\IoT\ARM\Practice\TIM\EWARM\TIM\Obj: [1]
    gpio.o                      184
    lcd.o                       566
    main.o                      432       36       20
    startup_stm32f405xx.o       708
    stm32f4xx_hal.o             144        4       12
    stm32f4xx_hal_cortex.o      196
    stm32f4xx_hal_gpio.o        496
    stm32f4xx_hal_msp.o          56
    stm32f4xx_hal_rcc.o       1'168
    stm32f4xx_hal_tim.o         924
    stm32f4xx_hal_tim_ex.o      144
    stm32f4xx_it.o               52
    system_stm32f4xx.o           44        1        4
    tim.o                       356               192
    -------------------------------------------------
    Total:                    5'470       41      228

dl7M_tlf.a: [2]
    abort.o                       6
    exit.o                        4
    low_level_init.o              4
    sprintf.o                    64
    xencoding_8859_1.o           30
    xfail_s.o                    64                 4
    xlocale_c.o                 124       53      128
    xmbcurmax.o                  10
    xprintffull.o             4'294
    xsprout.o                    10
    -------------------------------------------------
    Total:                    4'610       53      132

m7M_tls.a: [3]
    DblAdd.o                    362
    DblCmpGe.o                   46
    DblCmpLe.o                   46
    DblDiv.o                    582
    DblMul.o                    418
    DblSub.o                    226
    DblToS32.o                   58
    DblToU32.o                   40
    S32ToDbl.o                   34
    U32ToDbl.o                   26
    fpinit_M.o                   34
    frexp.o                     112
    ldexp.o                     314
    -------------------------------------------------
    Total:                    2'298

rt7M_tl.a: [4]
    ABImemclr4.o                  6
    ABImemcpy.o                 166
    ABImemset.o                 102
    ABImemset48.o                50
    I64DivMod_small.o           262
    I64DivZer.o                   2
    cexit.o                      10
    cmain.o                      30
    cstartup_M.o                 12
    data_init.o                  40
    lz77_init_single.o          120
    memchr.o                     88
    memset.o                     20
    strchr.o                     22
    strlen_small.o               20
    zero_init3.o                 58
    -------------------------------------------------
    Total:                    1'008

shb_l.a: [5]
    exit.o                       20
    -------------------------------------------------
    Total:                       20

    Gaps                         27        2
    Linker created                        32    1'024
-----------------------------------------------------
    Grand Total:             13'433      128    1'384


*******************************************************************************
*** ENTRY LIST
***

Entry                       Address   Size  Type      Object
-----                       -------   ----  ----      ------
.iar.init_table$$Base    0x800'3328          --   Gb  - Linker created -
.iar.init_table$$Limit   0x800'3348          --   Gb  - Linker created -
?main                    0x800'3349         Code  Gb  cmain.o [4]
AHBPrescTable            0x800'32a8   0x10  Data  Gb  system_stm32f4xx.o [1]
BusFault_Handler         0x800'324f    0x2  Code  Gb  stm32f4xx_it.o [1]
CSTACK$$Base            0x2000'0168          --   Gb  - Linker created -
CSTACK$$Limit           0x2000'0568          --   Gb  - Linker created -
CacheMore                0x800'128d   0x28  Code  Lc  xlocale_c.o [2]
DebugMon_Handler         0x800'3255    0x2  Code  Gb  stm32f4xx_it.o [1]
Error_Handler            0x800'253f    0x2  Code  Gb  main.o [1]
HAL_GPIO_Init            0x800'2ec1  0x1ae  Code  Gb  stm32f4xx_hal_gpio.o [1]
HAL_GPIO_TogglePin       0x800'3077    0xe  Code  Gb  stm32f4xx_hal_gpio.o [1]
HAL_GPIO_WritePin        0x800'306f    0x8  Code  Gb  stm32f4xx_hal_gpio.o [1]
HAL_GetTick              0x800'31c5    0xc  Code  Wk  stm32f4xx_hal.o [1]
HAL_IncTick              0x800'327d   0x10  Code  Wk  stm32f4xx_hal.o [1]
HAL_Init                 0x800'26c5   0x30  Code  Gb  stm32f4xx_hal.o [1]
HAL_InitTick             0x800'3119   0x40  Code  Wk  stm32f4xx_hal.o [1]
HAL_MspInit              0x800'3159   0x38  Code  Gb  stm32f4xx_hal_msp.o [1]
HAL_NVIC_EnableIRQ       0x800'266f   0x16  Code  Gb  stm32f4xx_hal_cortex.o [1]
HAL_NVIC_SetPriority     0x800'2635   0x3a  Code  Gb  stm32f4xx_hal_cortex.o [1]
HAL_NVIC_SetPriorityGrouping
                         0x800'261b   0x1a  Code  Gb  stm32f4xx_hal_cortex.o [1]
HAL_RCC_ClockConfig      0x800'2ac9  0x100  Code  Gb  stm32f4xx_hal_rcc.o [1]
HAL_RCC_OscConfig        0x800'27b9  0x310  Code  Wk  stm32f4xx_hal_rcc.o [1]
HAL_SYSTICK_Config       0x800'2685   0x28  Code  Gb  stm32f4xx_hal_cortex.o [1]
HAL_TIMEx_BreakCallback
                         0x800'2559    0x2  Code  Wk  stm32f4xx_hal_tim_ex.o [1]
HAL_TIMEx_CommutCallback
                         0x800'255d    0x2  Code  Wk  stm32f4xx_hal_tim_ex.o [1]
HAL_TIMEx_MasterConfigSynchronization
                         0x800'2575   0x6e  Code  Gb  stm32f4xx_hal_tim_ex.o [1]
HAL_TIM_Base_Init        0x800'1ead   0x1a  Code  Gb  stm32f4xx_hal_tim.o [1]
HAL_TIM_Base_MspInit     0x800'22fb   0x8c  Code  Gb  tim.o [1]
HAL_TIM_Base_Start_IT    0x800'1ec7   0x20  Code  Gb  stm32f4xx_hal_tim.o [1]
HAL_TIM_ConfigClockSource
                         0x800'2053   0x90  Code  Gb  stm32f4xx_hal_tim.o [1]
HAL_TIM_IRQHandler       0x800'1f0b  0x142  Code  Gb  stm32f4xx_hal_tim.o [1]
HAL_TIM_PeriodElapsedCallback
                         0x800'2469   0xa0  Code  Gb  main.o [1]
HardFault_Handler        0x800'324b    0x2  Code  Gb  stm32f4xx_it.o [1]
MX_GPIO_Init             0x800'26f9   0xb8  Code  Gb  gpio.o [1]
MX_TIM10_Init            0x800'22cf   0x2c  Code  Gb  tim.o [1]
MX_TIM6_Init             0x800'2241   0x46  Code  Gb  tim.o [1]
MX_TIM9_Init             0x800'2287   0x48  Code  Gb  tim.o [1]
MemManage_Handler        0x800'324d    0x2  Code  Gb  stm32f4xx_it.o [1]
NMI_Handler              0x800'3249    0x2  Code  Gb  stm32f4xx_it.o [1]
PendSV_Handler           0x800'3257    0x2  Code  Gb  stm32f4xx_it.o [1]
Region$$Table$$Base      0x800'3328          --   Gb  - Linker created -
Region$$Table$$Limit     0x800'3348          --   Gb  - Linker created -
SVC_Handler              0x800'3253    0x2  Code  Gb  stm32f4xx_it.o [1]
SysTick_Handler          0x800'3259    0x4  Code  Gb  stm32f4xx_it.o [1]
SystemClock_Config       0x800'23d7   0x92  Code  Gb  main.o [1]
SystemCoreClock         0x2000'000c    0x4  Data  Gb  system_stm32f4xx.o [1]
SystemInit               0x800'328d   0x14  Code  Gb  system_stm32f4xx.o [1]
TIM1_BRK_TIM9_IRQHandler
                         0x800'325d    0x6  Code  Gb  stm32f4xx_it.o [1]
TIM1_UP_TIM10_IRQHandler
                         0x800'3263    0x6  Code  Gb  stm32f4xx_it.o [1]
TIM6_DAC_IRQHandler      0x800'3269    0x6  Code  Gb  stm32f4xx_it.o [1]
TIM_Base_SetConfig       0x800'210d   0x96  Code  Gb  stm32f4xx_hal_tim.o [1]
TIM_ETR_SetConfig        0x800'2227   0x14  Code  Gb  stm32f4xx_hal_tim.o [1]
TIM_ITRx_SetConfig       0x800'2217   0x10  Code  Lc  stm32f4xx_hal_tim.o [1]
TIM_TI1_ConfigInputStage
                         0x800'21d5   0x1e  Code  Lc  stm32f4xx_hal_tim.o [1]
TIM_TI2_ConfigInputStage
                         0x800'21f3   0x24  Code  Lc  stm32f4xx_hal_tim.o [1]
UsageFault_Handler       0x800'3251    0x2  Code  Gb  stm32f4xx_it.o [1]
_Encoding_8859_1_Mbrlen
                         0x800'132d    0x2  Code  Gb  xencoding_8859_1.o [2]
_Encoding_8859_1_Wctomb
                         0x800'131b   0x12  Code  Gb  xencoding_8859_1.o [2]
_LitobFull               0x800'109b  0x10a  Code  Lc  xprintffull.o [2]
_Locale_lconv           0x2000'0010   0x38  Data  Lc  xlocale_c.o [2]
_PrintfFull              0x800'0189  0xcc2  Code  Gb  xprintffull.o [2]
_PutcharsFull            0x800'120d   0x2e  Code  Lc  xprintffull.o [2]
_PutstrFull              0x800'0fdb   0xc0  Code  Lc  xprintffull.o [2]
_PuttxtFull              0x800'0ecf  0x10c  Code  Lc  xprintffull.o [2]
_SProut                  0x800'148b    0xa  Code  Gb  xsprout.o [2]
__NVIC_SetPriority       0x800'2601   0x1a  Code  Lc  stm32f4xx_hal_cortex.o [1]
__aeabi_cdcmple          0x800'1505         Code  Gb  DblCmpLe.o [3]
__aeabi_cdrcmple         0x800'1535         Code  Gb  DblCmpGe.o [3]
__aeabi_d2iz             0x800'16a1         Code  Gb  DblToS32.o [3]
__aeabi_d2uiz            0x800'1a2d         Code  Gb  DblToU32.o [3]
__aeabi_ddiv             0x800'17e5         Code  Gb  DblDiv.o [3]
__aeabi_dmul             0x800'1a71         Code  Gb  DblMul.o [3]
__aeabi_dsub             0x800'1701         Code  Gb  DblSub.o [3]
__aeabi_i2d              0x800'16dd         Code  Gb  S32ToDbl.o [3]
__aeabi_ldiv0            0x800'1e95         Code  Gb  I64DivZer.o [4]
__aeabi_memclr4          0x800'27b1         Code  Gb  ABImemclr4.o [4]
__aeabi_memcpy           0x800'13e5         Code  Gb  ABImemcpy.o [4]
__aeabi_memcpy4          0x800'1405         Code  Gb  ABImemcpy.o [4]
__aeabi_memcpy8          0x800'1405         Code  Gb  ABImemcpy.o [4]
__aeabi_memset           0x800'30b1         Code  Gb  ABImemset.o [4]
__aeabi_ui2d             0x800'1a55         Code  Gb  U32ToDbl.o [3]
__cmain                  0x800'3349         Code  Gb  cmain.o [4]
__exit                   0x800'1e99   0x14  Code  Gb  exit.o [5]
__iar_Fail_s             0x800'1339   0x1c  Code  Gb  xfail_s.o [2]
__iar_Mbcurmax           0x800'1c13    0xa  Code  Gb  xmbcurmax.o [2]
__iar_Memchr             0x800'138d         Code  Gb  memchr.o [4]
__iar_Memset             0x800'30b1         Code  Gb  ABImemset.o [4]
__iar_Memset4_word       0x800'3191         Code  Gb  ABImemset48.o [4]
__iar_Memset8_word       0x800'3191         Code  Gb  ABImemset48.o [4]
__iar_Memset_word        0x800'30b9         Code  Gb  ABImemset.o [4]
__iar_Strchr             0x800'1305         Code  Gb  strchr.o [4]
__iar_dadd               0x800'1711         Code  Gb  DblSub.o [3]
__iar_data_init3         0x800'32b9   0x28  Code  Gb  data_init.o [4]
__iar_dsub               0x800'1d29         Code  Gb  DblAdd.o [3]
__iar_dsubStart          0x800'1d3b         Code  Gb  DblAdd.o [3]
__iar_frexp              0x800'14a1         Code  Gb  frexp.o [3]
__iar_frexpl             0x800'14a1         Code  Gb  frexp.o [3]
__iar_globLocale        0x2000'0048   0x48  Data  Lc  xlocale_c.o [2]
__iar_global_Locale      0x800'1289    0x4  Code  Gb  xlocale_c.o [2]
__iar_init_vfp           0x800'3305         Code  Gb  fpinit_M.o [3]
__iar_ldexp64            0x800'1565         Code  Gb  ldexp.o [3]
__iar_lz77_init_single3
                         0x800'31d1   0x78  Code  Gb  lz77_init_single.o [4]
__iar_program_start      0x800'338d         Code  Gb  cstartup_M.o [4]
__iar_scalbln64          0x800'1565         Code  Gb  ldexp.o [3]
__iar_scalbn64           0x800'1565         Code  Gb  ldexp.o [3]
__iar_small_strlen       0x800'1379         Code  Gb  strlen_small.o [4]
__iar_small_uldivmod     0x800'1c1d         Code  Gb  I64DivMod_small.o [4]
__iar_softfp___iar_frexp64
                         0x800'1495         Code  Gb  frexp.o [3]
__iar_softfp_frexp       0x800'1495         Code  Gb  frexp.o [3]
__iar_softfp_frexpl      0x800'1495         Code  Gb  frexp.o [3]
__iar_zero_init3         0x800'124f   0x3a  Code  Gb  zero_init3.o [4]
__low_level_init         0x800'3367    0x4  Code  Gb  low_level_init.o [2]
__vector_table           0x800'0000         Data  Gb  startup_stm32f405xx.o [1]
_call_main               0x800'3355         Code  Gb  cmain.o [4]
_exit                    0x800'3371         Code  Gb  cexit.o [4]
_gLocale_mblen           0x800'12f1    0x4  Code  Gb  xlocale_c.o [2]
_gLocale_mblenInt        0x800'12b5   0x2c  Code  Gb  xlocale_c.o [2]
_gLocale_wctomb          0x800'12f5    0x4  Code  Gb  xlocale_c.o [2]
_gLocale_wctombInt       0x800'12ed    0x4  Code  Gb  xlocale_c.o [2]
_main                    0x800'3363         Code  Gb  cmain.o [4]
abort                    0x800'1d23    0x6  Code  Gb  abort.o [2]
exit                     0x800'336b    0x4  Code  Gb  exit.o [2]
fndChars                 0x800'32e0   0x24  Data  Gb  main.o [1]
fndIndex                0x2000'0150    0x2  Data  Gb  main.o [1]
htim10                  0x2000'0110   0x40  Data  Gb  tim.o [1]
htim6                   0x2000'0090   0x40  Data  Gb  tim.o [1]
htim9                   0x2000'00d0   0x40  Data  Gb  tim.o [1]
lcdBuffer               0x2000'0154   0x10  Data  Gb  main.o [1]
lcdControlWrite          0x800'2df5    0xc  Code  Gb  lcd.o [1]
lcdDataWrite             0x800'2e01   0x12  Code  Gb  lcd.o [1]
lcdGotoXY                0x800'2e85   0x1e  Code  Gb  lcd.o [1]
lcdPrintData             0x800'2ea3   0x1c  Code  Gb  lcd.o [1]
lcdmDelay                0x800'2dd7   0x1e  Code  Lc  lcd.o [1]
lcduDelay                0x800'2c89  0x14e  Code  Lc  lcd.o [1]
ldexp                    0x800'1565         Code  Gb  ldexp.o [3]
ldexpl                   0x800'1565         Code  Gb  ldexp.o [3]
localeconv               0x800'12f9    0x4  Code  Gb  xlocale_c.o [2]
main                     0x800'23a9   0x2e  Code  Gb  main.o [1]
memchr                   0x800'138d         Code  Gb  memchr.o [4]
memset                   0x800'2561   0x14  Code  Gb  memset.o [4]
scalbln                  0x800'1565         Code  Gb  ldexp.o [3]
scalblnl                 0x800'1565         Code  Gb  ldexp.o [3]
scalbn                   0x800'1565         Code  Gb  ldexp.o [3]
scalbnl                  0x800'1565         Code  Gb  ldexp.o [3]
scale                    0x800'11a5   0x46  Code  Lc  xprintffull.o [2]
sec_hand                0x2000'0164    0x4  Data  Lc  xfail_s.o [2]
sprintf                  0x800'2c49   0x40  Code  Gb  sprintf.o [2]
strchr                   0x800'1305         Code  Gb  strchr.o [4]
timeCount               0x2000'0152    0x2  Data  Gb  main.o [1]
uwTick                  0x2000'0004    0x4  Data  Gb  stm32f4xx_hal.o [1]
uwTickFreq              0x2000'0000    0x1  Data  Gb  stm32f4xx_hal.o [1]
uwTickPrio              0x2000'0008    0x4  Data  Gb  stm32f4xx_hal.o [1]


[1] = D:\Backups\IoT\ARM\Practice\TIM\EWARM\TIM\Obj
[2] = dl7M_tlf.a
[3] = m7M_tls.a
[4] = rt7M_tl.a
[5] = shb_l.a

  13'433 bytes of readonly  code memory
     128 bytes of readonly  data memory
   1'384 bytes of readwrite data memory

Errors: none
Warnings: none
