###############################################################################
#
# IAR ELF Linker V8.50.4.261/W32 for ARM                  23/Jun/2020  11:10:02
# Copyright 2007-2020 IAR Systems AB.
#
#    Output file  =
#        D:\Backups\IoT\ARM\Practice\USART_inter\EWARM\USART_inter\Exe\USART_inter.out
#    Map file     =
#        D:\Backups\IoT\ARM\Practice\USART_inter\EWARM\USART_inter\List\USART_inter.map
#    Command line =
#        -f C:\Users\Karunio\AppData\Local\Temp\EW611E.tmp
#        (D:\Backups\IoT\ARM\Practice\USART_inter\EWARM\USART_inter\Obj\gpio.o
#        D:\Backups\IoT\ARM\Practice\USART_inter\EWARM\USART_inter\Obj\main.o
#        D:\Backups\IoT\ARM\Practice\USART_inter\EWARM\USART_inter\Obj\startup_stm32f405xx.o
#        D:\Backups\IoT\ARM\Practice\USART_inter\EWARM\USART_inter\Obj\stm32f4xx_hal.o
#        D:\Backups\IoT\ARM\Practice\USART_inter\EWARM\USART_inter\Obj\stm32f4xx_hal_cortex.o
#        D:\Backups\IoT\ARM\Practice\USART_inter\EWARM\USART_inter\Obj\stm32f4xx_hal_dma.o
#        D:\Backups\IoT\ARM\Practice\USART_inter\EWARM\USART_inter\Obj\stm32f4xx_hal_dma_ex.o
#        D:\Backups\IoT\ARM\Practice\USART_inter\EWARM\USART_inter\Obj\stm32f4xx_hal_exti.o
#        D:\Backups\IoT\ARM\Practice\USART_inter\EWARM\USART_inter\Obj\stm32f4xx_hal_flash.o
#        D:\Backups\IoT\ARM\Practice\USART_inter\EWARM\USART_inter\Obj\stm32f4xx_hal_flash_ex.o
#        D:\Backups\IoT\ARM\Practice\USART_inter\EWARM\USART_inter\Obj\stm32f4xx_hal_flash_ramfunc.o
#        D:\Backups\IoT\ARM\Practice\USART_inter\EWARM\USART_inter\Obj\stm32f4xx_hal_gpio.o
#        D:\Backups\IoT\ARM\Practice\USART_inter\EWARM\USART_inter\Obj\stm32f4xx_hal_msp.o
#        D:\Backups\IoT\ARM\Practice\USART_inter\EWARM\USART_inter\Obj\stm32f4xx_hal_pwr.o
#        D:\Backups\IoT\ARM\Practice\USART_inter\EWARM\USART_inter\Obj\stm32f4xx_hal_pwr_ex.o
#        D:\Backups\IoT\ARM\Practice\USART_inter\EWARM\USART_inter\Obj\stm32f4xx_hal_rcc.o
#        D:\Backups\IoT\ARM\Practice\USART_inter\EWARM\USART_inter\Obj\stm32f4xx_hal_rcc_ex.o
#        D:\Backups\IoT\ARM\Practice\USART_inter\EWARM\USART_inter\Obj\stm32f4xx_hal_tim.o
#        D:\Backups\IoT\ARM\Practice\USART_inter\EWARM\USART_inter\Obj\stm32f4xx_hal_tim_ex.o
#        D:\Backups\IoT\ARM\Practice\USART_inter\EWARM\USART_inter\Obj\stm32f4xx_hal_uart.o
#        D:\Backups\IoT\ARM\Practice\USART_inter\EWARM\USART_inter\Obj\stm32f4xx_it.o
#        D:\Backups\IoT\ARM\Practice\USART_inter\EWARM\USART_inter\Obj\system_stm32f4xx.o
#        D:\Backups\IoT\ARM\Practice\USART_inter\EWARM\USART_inter\Obj\usart.o
#        --redirect _Printf=_PrintfFull --redirect _Scanf=_ScanfFull
#        --no_out_extension -o
#        D:\Backups\IoT\ARM\Practice\USART_inter\EWARM\USART_inter\Exe\USART_inter.out
#        --map
#        D:\Backups\IoT\ARM\Practice\USART_inter\EWARM\USART_inter\List\USART_inter.map
#        --config
#        D:\Backups\IoT\ARM\Practice\USART_inter\EWARM/stm32f405xx_flash.icf
#        --semihosting --entry __iar_program_start --vfe --text_out locale)
#
###############################################################################

*******************************************************************************
*** RUNTIME MODEL ATTRIBUTES
***

CppFlavor       = *
__SystemLibrary = DLib
__dlib_version  = 6


*******************************************************************************
*** HEAP SELECTION
***

The basic heap was selected because some modules are built with
size limitations (and not runtime checking), and --advanced_heap
was not specified.


*******************************************************************************
*** PLACEMENT SUMMARY
***

"A0":  place at address 0x800'0000 { ro section .intvec };
"P1":  place in [from 0x800'0000 to 0x80f'ffff] { ro };
define block CSTACK with size = 1K, alignment = 8 { };
define block HEAP with size = 512, alignment = 8 { };
"P2":  place in [from 0x2000'0000 to 0x2001'ffff] {
          rw, block CSTACK, block HEAP };
initialize by copy { rw };

  Section            Kind         Address    Size  Object
  -------            ----         -------    ----  ------
"A0":                                       0x188
  .intvec            ro code   0x800'0000   0x188  startup_stm32f405xx.o [1]
                             - 0x800'0188   0x188

"P1":                                      0x1343
  .text              ro code   0x800'0188   0x3d4  stm32f4xx_hal_uart.o [1]
  .text              ro code   0x800'055c    0xb4  usart.o [1]
  .text              ro code   0x800'0610    0x24  stm32f4xx_hal_dma.o [1]
  .text              ro code   0x800'0634     0x2  stm32f4xx_hal_uart.o [1]
  .text              ro code   0x800'0636     0x2  stm32f4xx_hal_uart.o [1]
  .text              ro code   0x800'0638   0x182  main.o [1]
  .text              ro code   0x800'07bc   0x1ac  stm32f4xx_hal_rcc.o [1]
  .text              ro code   0x800'0968   0x106  I64DivMod_small.o [4]
  .text              ro code   0x800'0a6e    0x14  memset.o [4]
  .text              ro code   0x800'0a84   0x1e4  stm32f4xx_hal_gpio.o [1]
  .text              ro code   0x800'0c68    0xc4  stm32f4xx_hal_cortex.o [1]
  .text              ro code   0x800'0d2c    0x34  stm32f4xx_hal.o [1]
  .text              ro code   0x800'0d60    0x80  gpio.o [1]
  .text              ro code   0x800'0de0    0x28  stm32f4xx_hal.o [1]
  .text              ro code   0x800'0e08   0x310  stm32f4xx_hal_rcc.o [1]
  .text              ro code   0x800'1118     0xc  stm32f4xx_hal.o [1]
  .text              ro code   0x800'1124    0x40  stm32f4xx_hal.o [1]
  .text              ro code   0x800'1164     0x2  I64DivZer.o [4]
  .text              ro code   0x800'1168    0x66  ABImemset.o [4]
  .text              ro code   0x800'11d0    0x38  stm32f4xx_hal_msp.o [1]
  .text              ro code   0x800'1208    0x38  packbits_init_single.o [4]
  .text              ro code   0x800'1240    0x2c  system_stm32f4xx.o [1]
  .text              ro code   0x800'126c    0x28  data_init.o [4]
  .rodata            const     0x800'1294    0x24  main.o [1]
  .text              ro code   0x800'12b8    0x22  fpinit_M.o [3]
  .iar.init_table    const     0x800'12dc    0x10  - Linker created -
  .text              ro code   0x800'12ec    0x20  stm32f4xx_it.o [1]
  .text              ro code   0x800'130c    0x10  stm32f4xx_hal.o [1]
  .text              ro code   0x800'131c    0x1e  cmain.o [4]
  .text              ro code   0x800'133a     0x4  low_level_init.o [2]
  .text              ro code   0x800'133e     0x4  exit.o [2]
  .text              ro code   0x800'1344     0xa  cexit.o [4]
  .text              ro code   0x800'1350    0x14  exit.o [5]
  .text              ro code   0x800'1364    0x10  startup_stm32f405xx.o [1]
  .text              ro code   0x800'1374     0xc  cstartup_M.o [4]
  .rodata            const     0x800'1380     0x8  system_stm32f4xx.o [1]
  .text              ro code   0x800'1388     0x4  startup_stm32f405xx.o [1]
  .text              ro code   0x800'138c     0x4  startup_stm32f405xx.o [1]
  .text              ro code   0x800'1390     0x4  startup_stm32f405xx.o [1]
  .text              ro code   0x800'1394     0x4  startup_stm32f405xx.o [1]
  .text              ro code   0x800'1398     0x4  startup_stm32f405xx.o [1]
  .text              ro code   0x800'139c     0x4  startup_stm32f405xx.o [1]
  .text              ro code   0x800'13a0     0x4  startup_stm32f405xx.o [1]
  .text              ro code   0x800'13a4     0x4  startup_stm32f405xx.o [1]
  .text              ro code   0x800'13a8     0x4  startup_stm32f405xx.o [1]
  .text              ro code   0x800'13ac     0x4  startup_stm32f405xx.o [1]
  .text              ro code   0x800'13b0     0x4  startup_stm32f405xx.o [1]
  .text              ro code   0x800'13b4     0x4  startup_stm32f405xx.o [1]
  .text              ro code   0x800'13b8     0x4  startup_stm32f405xx.o [1]
  .text              ro code   0x800'13bc     0x4  startup_stm32f405xx.o [1]
  .text              ro code   0x800'13c0     0x4  startup_stm32f405xx.o [1]
  .text              ro code   0x800'13c4     0x4  startup_stm32f405xx.o [1]
  .text              ro code   0x800'13c8     0x4  startup_stm32f405xx.o [1]
  .text              ro code   0x800'13cc     0x4  startup_stm32f405xx.o [1]
  .text              ro code   0x800'13d0     0x4  startup_stm32f405xx.o [1]
  .text              ro code   0x800'13d4     0x4  startup_stm32f405xx.o [1]
  .text              ro code   0x800'13d8     0x4  startup_stm32f405xx.o [1]
  .text              ro code   0x800'13dc     0x4  startup_stm32f405xx.o [1]
  .text              ro code   0x800'13e0     0x4  startup_stm32f405xx.o [1]
  .text              ro code   0x800'13e4     0x4  startup_stm32f405xx.o [1]
  .text              ro code   0x800'13e8     0x4  startup_stm32f405xx.o [1]
  .text              ro code   0x800'13ec     0x4  startup_stm32f405xx.o [1]
  .text              ro code   0x800'13f0     0x4  startup_stm32f405xx.o [1]
  .text              ro code   0x800'13f4     0x4  startup_stm32f405xx.o [1]
  .text              ro code   0x800'13f8     0x4  startup_stm32f405xx.o [1]
  .text              ro code   0x800'13fc     0x4  startup_stm32f405xx.o [1]
  .text              ro code   0x800'1400     0x4  startup_stm32f405xx.o [1]
  .text              ro code   0x800'1404     0x4  startup_stm32f405xx.o [1]
  .text              ro code   0x800'1408     0x4  startup_stm32f405xx.o [1]
  .text              ro code   0x800'140c     0x4  startup_stm32f405xx.o [1]
  .text              ro code   0x800'1410     0x4  startup_stm32f405xx.o [1]
  .text              ro code   0x800'1414     0x4  startup_stm32f405xx.o [1]
  .text              ro code   0x800'1418     0x4  startup_stm32f405xx.o [1]
  .text              ro code   0x800'141c     0x4  startup_stm32f405xx.o [1]
  .text              ro code   0x800'1420     0x4  startup_stm32f405xx.o [1]
  .text              ro code   0x800'1424     0x4  startup_stm32f405xx.o [1]
  .text              ro code   0x800'1428     0x4  startup_stm32f405xx.o [1]
  .text              ro code   0x800'142c     0x4  startup_stm32f405xx.o [1]
  .text              ro code   0x800'1430     0x4  startup_stm32f405xx.o [1]
  .text              ro code   0x800'1434     0x4  startup_stm32f405xx.o [1]
  .text              ro code   0x800'1438     0x4  startup_stm32f405xx.o [1]
  .text              ro code   0x800'143c     0x4  startup_stm32f405xx.o [1]
  .text              ro code   0x800'1440     0x4  startup_stm32f405xx.o [1]
  .text              ro code   0x800'1444     0x4  startup_stm32f405xx.o [1]
  .text              ro code   0x800'1448     0x4  startup_stm32f405xx.o [1]
  .text              ro code   0x800'144c     0x4  startup_stm32f405xx.o [1]
  .text              ro code   0x800'1450     0x4  startup_stm32f405xx.o [1]
  .text              ro code   0x800'1454     0x4  startup_stm32f405xx.o [1]
  .text              ro code   0x800'1458     0x4  startup_stm32f405xx.o [1]
  .text              ro code   0x800'145c     0x4  startup_stm32f405xx.o [1]
  .text              ro code   0x800'1460     0x4  startup_stm32f405xx.o [1]
  .text              ro code   0x800'1464     0x4  startup_stm32f405xx.o [1]
  .text              ro code   0x800'1468     0x4  startup_stm32f405xx.o [1]
  .text              ro code   0x800'146c     0x4  startup_stm32f405xx.o [1]
  .text              ro code   0x800'1470     0x4  startup_stm32f405xx.o [1]
  .text              ro code   0x800'1474     0x4  startup_stm32f405xx.o [1]
  .text              ro code   0x800'1478     0x4  startup_stm32f405xx.o [1]
  .text              ro code   0x800'147c     0x4  startup_stm32f405xx.o [1]
  .text              ro code   0x800'1480     0x4  startup_stm32f405xx.o [1]
  .text              ro code   0x800'1484     0x4  startup_stm32f405xx.o [1]
  .text              ro code   0x800'1488     0x4  startup_stm32f405xx.o [1]
  .text              ro code   0x800'148c     0x4  startup_stm32f405xx.o [1]
  .text              ro code   0x800'1490     0x4  startup_stm32f405xx.o [1]
  .text              ro code   0x800'1494     0x4  startup_stm32f405xx.o [1]
  .text              ro code   0x800'1498     0x4  startup_stm32f405xx.o [1]
  .text              ro code   0x800'149c     0x4  startup_stm32f405xx.o [1]
  .text              ro code   0x800'14a0     0x4  startup_stm32f405xx.o [1]
  .text              ro code   0x800'14a4     0x4  startup_stm32f405xx.o [1]
  .text              ro code   0x800'14a8     0x4  startup_stm32f405xx.o [1]
  .text              ro code   0x800'14ac     0x4  startup_stm32f405xx.o [1]
  .text              ro code   0x800'14b0     0x4  startup_stm32f405xx.o [1]
  .text              ro code   0x800'14b4     0x4  startup_stm32f405xx.o [1]
  .text              ro code   0x800'14b8     0x4  startup_stm32f405xx.o [1]
  .rodata            const     0x800'14bc     0x0  packbits_init_single.o [4]
  Initializer bytes  const     0x800'14bc     0xf  <for P2-1>
                             - 0x800'14cb  0x1343

"P2", part 1 of 2:                           0x53
  P2-1                        0x2000'0000    0x53  <Init block>
    .data            inited   0x2000'0000     0xc  stm32f4xx_hal.o [1]
    .data            inited   0x2000'000c     0x4  system_stm32f4xx.o [1]
    .bss             inited   0x2000'0010    0x40  usart.o [1]
    .data            inited   0x2000'0050     0x3  main.o [1]
                            - 0x2000'0053    0x53

"P2", part 2 of 2:                          0x400
  CSTACK                      0x2000'0058   0x400  <Block>
    CSTACK           uninit   0x2000'0058   0x400  <Block tail>
                            - 0x2000'0458   0x400

Unused ranges:

         From           To      Size
         ----           --      ----
   0x800'14cb   0x80f'ffff  0xf'eb35
  0x2000'0053  0x2000'0057       0x5
  0x2000'0458  0x2001'ffff  0x1'fba8


*******************************************************************************
*** INIT TABLE
***

          Address      Size
          -------      ----
Copy/packbits (__iar_packbits_init_single3)
    1 source range, total size 0xf (18% of destination):
           0x800'14bc   0xf
    1 destination range, total size 0x53:
          0x2000'0000  0x53



*******************************************************************************
*** MODULE SUMMARY
***

    Module                  ro code  ro data  rw data
    ------                  -------  -------  -------
command line/config:
    -------------------------------------------------
    Total:

D:\Backups\IoT\ARM\Practice\USART_inter\EWARM\USART_inter\Obj: [1]
    gpio.o                      128
    main.o                      386       37        3
    startup_stm32f405xx.o       716
    stm32f4xx_hal.o             184        2       12
    stm32f4xx_hal_cortex.o      196
    stm32f4xx_hal_dma.o          36
    stm32f4xx_hal_gpio.o        484
    stm32f4xx_hal_msp.o          56
    stm32f4xx_hal_rcc.o       1'212
    stm32f4xx_hal_uart.o        984
    stm32f4xx_it.o               32
    system_stm32f4xx.o           44        8        4
    usart.o                     180       12       64
    -------------------------------------------------
    Total:                    4'638       59       83

dl7M_tln.a: [2]
    exit.o                        4
    low_level_init.o              4
    -------------------------------------------------
    Total:                        8

m7M_tls.a: [3]
    fpinit_M.o                   34
    -------------------------------------------------
    Total:                       34

rt7M_tl.a: [4]
    ABImemset.o                 102
    I64DivMod_small.o           262
    I64DivZer.o                   2
    cexit.o                      10
    cmain.o                      30
    cstartup_M.o                 12
    data_init.o                  40
    memset.o                     20
    packbits_init_single.o       56
    -------------------------------------------------
    Total:                      534

shb_l.a: [5]
    exit.o                       20
    -------------------------------------------------
    Total:                       20

    Gaps                         12        2
    Linker created                        16    1'024
-----------------------------------------------------
    Grand Total:              5'246       77    1'107


*******************************************************************************
*** ENTRY LIST
***

Entry                       Address   Size  Type      Object
-----                       -------   ----  ----      ------
.iar.init_table$$Base    0x800'12dc          --   Gb  - Linker created -
.iar.init_table$$Limit   0x800'12ec          --   Gb  - Linker created -
?main                    0x800'131d         Code  Gb  cmain.o [4]
AHBPrescTable            0x800'125c   0x10  Data  Gb  system_stm32f4xx.o [1]
APBPrescTable            0x800'1380    0x8  Data  Gb  system_stm32f4xx.o [1]
BusFault_Handler         0x800'12f3    0x2  Code  Gb  stm32f4xx_it.o [1]
CSTACK$$Base            0x2000'0058          --   Gb  - Linker created -
CSTACK$$Limit           0x2000'0458          --   Gb  - Linker created -
DebugMon_Handler         0x800'12f9    0x2  Code  Gb  stm32f4xx_it.o [1]
Error_Handler            0x800'07b9    0x2  Code  Gb  main.o [1]
HAL_DMA_Abort_IT         0x800'0611   0x24  Code  Gb  stm32f4xx_hal_dma.o [1]
HAL_Delay                0x800'0de1   0x28  Code  Wk  stm32f4xx_hal.o [1]
HAL_GPIO_Init            0x800'0a85  0x1ae  Code  Gb  stm32f4xx_hal_gpio.o [1]
HAL_GPIO_WritePin        0x800'0c33    0x8  Code  Gb  stm32f4xx_hal_gpio.o [1]
HAL_GetTick              0x800'1119    0xc  Code  Wk  stm32f4xx_hal.o [1]
HAL_IncTick              0x800'130d   0x10  Code  Wk  stm32f4xx_hal.o [1]
HAL_Init                 0x800'0d2d   0x30  Code  Gb  stm32f4xx_hal.o [1]
HAL_InitTick             0x800'1125   0x40  Code  Wk  stm32f4xx_hal.o [1]
HAL_MspInit              0x800'11d1   0x38  Code  Gb  stm32f4xx_hal_msp.o [1]
HAL_NVIC_EnableIRQ       0x800'0cd7   0x16  Code  Gb  stm32f4xx_hal_cortex.o [1]
HAL_NVIC_SetPriority     0x800'0c9d   0x3a  Code  Gb  stm32f4xx_hal_cortex.o [1]
HAL_NVIC_SetPriorityGrouping
                         0x800'0c83   0x1a  Code  Gb  stm32f4xx_hal_cortex.o [1]
HAL_RCC_ClockConfig      0x800'07bd  0x100  Code  Gb  stm32f4xx_hal_rcc.o [1]
HAL_RCC_GetPCLK1Freq     0x800'08c9   0x10  Code  Gb  stm32f4xx_hal_rcc.o [1]
HAL_RCC_GetPCLK2Freq     0x800'08d9    0xe  Code  Gb  stm32f4xx_hal_rcc.o [1]
HAL_RCC_OscConfig        0x800'0e09  0x310  Code  Wk  stm32f4xx_hal_rcc.o [1]
HAL_SYSTICK_Config       0x800'0ced   0x28  Code  Gb  stm32f4xx_hal_cortex.o [1]
HAL_UART_IRQHandler      0x800'0261  0x15c  Code  Gb  stm32f4xx_hal_uart.o [1]
HAL_UART_Init            0x800'0189   0x1e  Code  Gb  stm32f4xx_hal_uart.o [1]
HAL_UART_MspInit         0x800'058b   0x76  Code  Gb  usart.o [1]
HAL_UART_Receive_IT      0x800'01ff   0x56  Code  Gb  stm32f4xx_hal_uart.o [1]
HAL_UART_RxCpltCallback
                         0x800'0751   0x1c  Code  Gb  main.o [1]
HardFault_Handler        0x800'12ef    0x2  Code  Gb  stm32f4xx_it.o [1]
MX_GPIO_Init             0x800'0d61   0x80  Code  Gb  gpio.o [1]
MX_USART1_UART_Init      0x800'055d   0x2e  Code  Gb  usart.o [1]
MemManage_Handler        0x800'12f1    0x2  Code  Gb  stm32f4xx_it.o [1]
NMI_Handler              0x800'12ed    0x2  Code  Gb  stm32f4xx_it.o [1]
PendSV_Handler           0x800'12fb    0x2  Code  Gb  stm32f4xx_it.o [1]
Region$$Table$$Base      0x800'12dc          --   Gb  - Linker created -
Region$$Table$$Limit     0x800'12ec          --   Gb  - Linker created -
SVC_Handler              0x800'12f7    0x2  Code  Gb  stm32f4xx_it.o [1]
SysTick_Handler          0x800'12fd    0x4  Code  Gb  stm32f4xx_it.o [1]
SystemClock_Config       0x800'06bb   0x96  Code  Gb  main.o [1]
SystemCoreClock         0x2000'000c    0x4  Data  Gb  system_stm32f4xx.o [1]
SystemInit               0x800'1241   0x14  Code  Gb  system_stm32f4xx.o [1]
UART_DMAAbortOnError     0x800'03d9    0xc  Code  Lc  stm32f4xx_hal_uart.o [1]
UART_EndRxTransfer       0x800'03bd   0x1c  Code  Lc  stm32f4xx_hal_uart.o [1]
UART_Receive_IT          0x800'03e5   0x92  Code  Lc  stm32f4xx_hal_uart.o [1]
UART_SetConfig           0x800'0477   0xca  Code  Lc  stm32f4xx_hal_uart.o [1]
USART1_IRQHandler        0x800'1301    0x6  Code  Gb  stm32f4xx_it.o [1]
UsageFault_Handler       0x800'12f5    0x2  Code  Gb  stm32f4xx_it.o [1]
UsartStateSelector       0x800'0779   0x24  Code  Gb  main.o [1]
__NVIC_SetPriority       0x800'0c69   0x1a  Code  Lc  stm32f4xx_hal_cortex.o [1]
__aeabi_ldiv0            0x800'1165         Code  Gb  I64DivZer.o [4]
__aeabi_memset           0x800'1169         Code  Gb  ABImemset.o [4]
__cmain                  0x800'131d         Code  Gb  cmain.o [4]
__exit                   0x800'1351   0x14  Code  Gb  exit.o [5]
__iar_Memset             0x800'1169         Code  Gb  ABImemset.o [4]
__iar_Memset_word        0x800'1171         Code  Gb  ABImemset.o [4]
__iar_data_init3         0x800'126d   0x28  Code  Gb  data_init.o [4]
__iar_init_vfp           0x800'12b9         Code  Gb  fpinit_M.o [3]
__iar_packbits_init_single3
                         0x800'1209   0x38  Code  Gb  packbits_init_single.o [4]
__iar_program_start      0x800'1375         Code  Gb  cstartup_M.o [4]
__iar_small_uldivmod     0x800'0969         Code  Gb  I64DivMod_small.o [4]
__low_level_init         0x800'133b    0x4  Code  Gb  low_level_init.o [2]
__vector_table           0x800'0000         Data  Gb  startup_stm32f405xx.o [1]
_call_main               0x800'1329         Code  Gb  cmain.o [4]
_exit                    0x800'1345         Code  Gb  cexit.o [4]
_main                    0x800'1337         Code  Gb  cmain.o [4]
exit                     0x800'133f    0x4  Code  Gb  exit.o [2]
fndChars                 0x800'1294   0x24  Data  Gb  main.o [1]
fndEnable               0x2000'0051    0x1  Data  Gb  main.o [1]
huart1                  0x2000'0010   0x40  Data  Gb  usart.o [1]
ledEnable               0x2000'0052    0x1  Data  Gb  main.o [1]
main                     0x800'0639   0x78  Code  Gb  main.o [1]
memset                   0x800'0a6f   0x14  Code  Gb  memset.o [4]
rxData                  0x2000'0050    0x1  Data  Gb  main.o [1]
uwTick                  0x2000'0004    0x4  Data  Gb  stm32f4xx_hal.o [1]
uwTickFreq              0x2000'0000    0x1  Data  Gb  stm32f4xx_hal.o [1]
uwTickPrio              0x2000'0008    0x4  Data  Gb  stm32f4xx_hal.o [1]


[1] = D:\Backups\IoT\ARM\Practice\USART_inter\EWARM\USART_inter\Obj
[2] = dl7M_tln.a
[3] = m7M_tls.a
[4] = rt7M_tl.a
[5] = shb_l.a

  5'246 bytes of readonly  code memory
     77 bytes of readonly  data memory
  1'107 bytes of readwrite data memory

Errors: none
Warnings: none
