###############################################################################
#
# IAR ELF Linker V8.50.4.261/W32 for ARM                  24/Jun/2020  12:04:13
# Copyright 2007-2020 IAR Systems AB.
#
#    Output file  =  D:\Backups\IoT\ARM\Practice\PWM\EWARM\PWM\Exe\PWM.out
#    Map file     =  D:\Backups\IoT\ARM\Practice\PWM\EWARM\PWM\List\PWM.map
#    Command line =
#        -f C:\Users\Karunio\AppData\Local\Temp\EW5286.tmp
#        (D:\Backups\IoT\ARM\Practice\PWM\EWARM\PWM\Obj\gpio.o
#        D:\Backups\IoT\ARM\Practice\PWM\EWARM\PWM\Obj\main.o
#        D:\Backups\IoT\ARM\Practice\PWM\EWARM\PWM\Obj\startup_stm32f405xx.o
#        D:\Backups\IoT\ARM\Practice\PWM\EWARM\PWM\Obj\stm32f4xx_hal.o
#        D:\Backups\IoT\ARM\Practice\PWM\EWARM\PWM\Obj\stm32f4xx_hal_cortex.o
#        D:\Backups\IoT\ARM\Practice\PWM\EWARM\PWM\Obj\stm32f4xx_hal_dma.o
#        D:\Backups\IoT\ARM\Practice\PWM\EWARM\PWM\Obj\stm32f4xx_hal_dma_ex.o
#        D:\Backups\IoT\ARM\Practice\PWM\EWARM\PWM\Obj\stm32f4xx_hal_exti.o
#        D:\Backups\IoT\ARM\Practice\PWM\EWARM\PWM\Obj\stm32f4xx_hal_flash.o
#        D:\Backups\IoT\ARM\Practice\PWM\EWARM\PWM\Obj\stm32f4xx_hal_flash_ex.o
#        D:\Backups\IoT\ARM\Practice\PWM\EWARM\PWM\Obj\stm32f4xx_hal_flash_ramfunc.o
#        D:\Backups\IoT\ARM\Practice\PWM\EWARM\PWM\Obj\stm32f4xx_hal_gpio.o
#        D:\Backups\IoT\ARM\Practice\PWM\EWARM\PWM\Obj\stm32f4xx_hal_msp.o
#        D:\Backups\IoT\ARM\Practice\PWM\EWARM\PWM\Obj\stm32f4xx_hal_pwr.o
#        D:\Backups\IoT\ARM\Practice\PWM\EWARM\PWM\Obj\stm32f4xx_hal_pwr_ex.o
#        D:\Backups\IoT\ARM\Practice\PWM\EWARM\PWM\Obj\stm32f4xx_hal_rcc.o
#        D:\Backups\IoT\ARM\Practice\PWM\EWARM\PWM\Obj\stm32f4xx_hal_rcc_ex.o
#        D:\Backups\IoT\ARM\Practice\PWM\EWARM\PWM\Obj\stm32f4xx_hal_tim.o
#        D:\Backups\IoT\ARM\Practice\PWM\EWARM\PWM\Obj\stm32f4xx_hal_tim_ex.o
#        D:\Backups\IoT\ARM\Practice\PWM\EWARM\PWM\Obj\stm32f4xx_hal_uart.o
#        D:\Backups\IoT\ARM\Practice\PWM\EWARM\PWM\Obj\stm32f4xx_it.o
#        D:\Backups\IoT\ARM\Practice\PWM\EWARM\PWM\Obj\system_stm32f4xx.o
#        D:\Backups\IoT\ARM\Practice\PWM\EWARM\PWM\Obj\tim.o
#        D:\Backups\IoT\ARM\Practice\PWM\EWARM\PWM\Obj\usart.o --redirect
#        _Printf=_PrintfFull --redirect _Scanf=_ScanfFull --no_out_extension -o
#        D:\Backups\IoT\ARM\Practice\PWM\EWARM\PWM\Exe\PWM.out --map
#        D:\Backups\IoT\ARM\Practice\PWM\EWARM\PWM\List\PWM.map --config
#        D:\Backups\IoT\ARM\Practice\PWM\EWARM/stm32f405xx_flash.icf
#        --semihosting --entry __iar_program_start --vfe --text_out locale)
#
###############################################################################

*******************************************************************************
*** RUNTIME MODEL ATTRIBUTES
***

CppFlavor       = *
__SystemLibrary = DLib
__dlib_version  = 6


*******************************************************************************
*** HEAP SELECTION
***

The basic heap was selected because some modules are built with
size limitations (and not runtime checking), and --advanced_heap
was not specified.


*******************************************************************************
*** PLACEMENT SUMMARY
***

"A0":  place at address 0x800'0000 { ro section .intvec };
"P1":  place in [from 0x800'0000 to 0x80f'ffff] { ro };
define block CSTACK with size = 1K, alignment = 8 { };
define block HEAP with size = 512, alignment = 8 { };
"P2":  place in [from 0x2000'0000 to 0x2001'ffff] {
          rw, block CSTACK, block HEAP };
initialize by copy { rw };

  Section            Kind         Address    Size  Object
  -------            ----         -------    ----  ------
"A0":                                       0x188
  .intvec            ro code   0x800'0000   0x188  startup_stm32f405xx.o [1]
                             - 0x800'0188   0x188

"P1":                                      0x1972
  .text              ro code   0x800'0188   0x4f6  stm32f4xx_hal_tim.o [1]
  .text              ro code   0x800'067e    0x3a  zero_init3.o [4]
  .text              ro code   0x800'06b8   0x120  tim.o [1]
  .text              ro code   0x800'07d8     0x2  stm32f4xx_hal_tim.o [1]
  .text              ro code   0x800'07da    0x14  memset.o [4]
  .text              ro code   0x800'07f0   0x13e  main.o [1]
  .text              ro code   0x800'0930    0x8c  stm32f4xx_hal_tim_ex.o [1]
  .text              ro code   0x800'09bc   0x1dc  stm32f4xx_hal_gpio.o [1]
  .text              ro code   0x800'0b98    0x66  ABImemset.o [4]
  .text              ro code   0x800'0c00    0x34  stm32f4xx_hal.o [1]
  .text              ro code   0x800'0c34    0x38  gpio.o [1]
  .text              ro code   0x800'0c6c    0xb4  usart.o [1]
  .text              ro code   0x800'0d20   0x3d4  stm32f4xx_hal_uart.o [1]
  .text              ro code   0x800'10f4   0x310  stm32f4xx_hal_rcc.o [1]
  .text              ro code   0x800'1404   0x1ac  stm32f4xx_hal_rcc.o [1]
  .text              ro code   0x800'15b0    0xc4  stm32f4xx_hal_cortex.o [1]
  .text              ro code   0x800'1674    0x40  stm32f4xx_hal.o [1]
  .text              ro code   0x800'16b4    0x38  stm32f4xx_hal_msp.o [1]
  .text              ro code   0x800'16ec    0x24  stm32f4xx_hal_dma.o [1]
  .text              ro code   0x800'1710     0x2  stm32f4xx_hal_uart.o [1]
  .text              ro code   0x800'1712     0x2  stm32f4xx_hal_uart.o [1]
  .text              ro code   0x800'1714   0x106  I64DivMod_small.o [4]
  .text              ro code   0x800'181c     0xc  stm32f4xx_hal.o [1]
  .text              ro code   0x800'1828     0x2  I64DivZer.o [4]
  .text              ro code   0x800'182a    0x38  packbits_init_single.o [4]
  .text              ro code   0x800'1864    0x2c  system_stm32f4xx.o [1]
  .text              ro code   0x800'1890    0x28  data_init.o [4]
  .text              ro code   0x800'18b8    0x22  fpinit_M.o [3]
  .iar.init_table    const     0x800'18dc    0x20  - Linker created -
  .text              ro code   0x800'18fc    0x20  stm32f4xx_it.o [1]
  .text              ro code   0x800'191c    0x10  stm32f4xx_hal.o [1]
  .text              ro code   0x800'192c    0x1e  cmain.o [4]
  .text              ro code   0x800'194a     0x4  low_level_init.o [2]
  .text              ro code   0x800'194e     0x4  exit.o [2]
  .text              ro code   0x800'1954     0xa  cexit.o [4]
  .text              ro code   0x800'1960    0x14  exit.o [5]
  .text              ro code   0x800'1974    0x10  startup_stm32f405xx.o [1]
  .text              ro code   0x800'1984     0xc  cstartup_M.o [4]
  .rodata            const     0x800'1990     0x8  system_stm32f4xx.o [1]
  .text              ro code   0x800'1998     0x4  startup_stm32f405xx.o [1]
  .text              ro code   0x800'199c     0x4  startup_stm32f405xx.o [1]
  .text              ro code   0x800'19a0     0x4  startup_stm32f405xx.o [1]
  .text              ro code   0x800'19a4     0x4  startup_stm32f405xx.o [1]
  .text              ro code   0x800'19a8     0x4  startup_stm32f405xx.o [1]
  .text              ro code   0x800'19ac     0x4  startup_stm32f405xx.o [1]
  .text              ro code   0x800'19b0     0x4  startup_stm32f405xx.o [1]
  .text              ro code   0x800'19b4     0x4  startup_stm32f405xx.o [1]
  .text              ro code   0x800'19b8     0x4  startup_stm32f405xx.o [1]
  .text              ro code   0x800'19bc     0x4  startup_stm32f405xx.o [1]
  .text              ro code   0x800'19c0     0x4  startup_stm32f405xx.o [1]
  .text              ro code   0x800'19c4     0x4  startup_stm32f405xx.o [1]
  .text              ro code   0x800'19c8     0x4  startup_stm32f405xx.o [1]
  .text              ro code   0x800'19cc     0x4  startup_stm32f405xx.o [1]
  .text              ro code   0x800'19d0     0x4  startup_stm32f405xx.o [1]
  .text              ro code   0x800'19d4     0x4  startup_stm32f405xx.o [1]
  .text              ro code   0x800'19d8     0x4  startup_stm32f405xx.o [1]
  .text              ro code   0x800'19dc     0x4  startup_stm32f405xx.o [1]
  .text              ro code   0x800'19e0     0x4  startup_stm32f405xx.o [1]
  .text              ro code   0x800'19e4     0x4  startup_stm32f405xx.o [1]
  .text              ro code   0x800'19e8     0x4  startup_stm32f405xx.o [1]
  .text              ro code   0x800'19ec     0x4  startup_stm32f405xx.o [1]
  .text              ro code   0x800'19f0     0x4  startup_stm32f405xx.o [1]
  .text              ro code   0x800'19f4     0x4  startup_stm32f405xx.o [1]
  .text              ro code   0x800'19f8     0x4  startup_stm32f405xx.o [1]
  .text              ro code   0x800'19fc     0x4  startup_stm32f405xx.o [1]
  .text              ro code   0x800'1a00     0x4  startup_stm32f405xx.o [1]
  .text              ro code   0x800'1a04     0x4  startup_stm32f405xx.o [1]
  .text              ro code   0x800'1a08     0x4  startup_stm32f405xx.o [1]
  .text              ro code   0x800'1a0c     0x4  startup_stm32f405xx.o [1]
  .text              ro code   0x800'1a10     0x4  startup_stm32f405xx.o [1]
  .text              ro code   0x800'1a14     0x4  startup_stm32f405xx.o [1]
  .text              ro code   0x800'1a18     0x4  startup_stm32f405xx.o [1]
  .text              ro code   0x800'1a1c     0x4  startup_stm32f405xx.o [1]
  .text              ro code   0x800'1a20     0x4  startup_stm32f405xx.o [1]
  .text              ro code   0x800'1a24     0x4  startup_stm32f405xx.o [1]
  .text              ro code   0x800'1a28     0x4  startup_stm32f405xx.o [1]
  .text              ro code   0x800'1a2c     0x4  startup_stm32f405xx.o [1]
  .text              ro code   0x800'1a30     0x4  startup_stm32f405xx.o [1]
  .text              ro code   0x800'1a34     0x4  startup_stm32f405xx.o [1]
  .text              ro code   0x800'1a38     0x4  startup_stm32f405xx.o [1]
  .text              ro code   0x800'1a3c     0x4  startup_stm32f405xx.o [1]
  .text              ro code   0x800'1a40     0x4  startup_stm32f405xx.o [1]
  .text              ro code   0x800'1a44     0x4  startup_stm32f405xx.o [1]
  .text              ro code   0x800'1a48     0x4  startup_stm32f405xx.o [1]
  .text              ro code   0x800'1a4c     0x4  startup_stm32f405xx.o [1]
  .text              ro code   0x800'1a50     0x4  startup_stm32f405xx.o [1]
  .text              ro code   0x800'1a54     0x4  startup_stm32f405xx.o [1]
  .text              ro code   0x800'1a58     0x4  startup_stm32f405xx.o [1]
  .text              ro code   0x800'1a5c     0x4  startup_stm32f405xx.o [1]
  .text              ro code   0x800'1a60     0x4  startup_stm32f405xx.o [1]
  .text              ro code   0x800'1a64     0x4  startup_stm32f405xx.o [1]
  .text              ro code   0x800'1a68     0x4  startup_stm32f405xx.o [1]
  .text              ro code   0x800'1a6c     0x4  startup_stm32f405xx.o [1]
  .text              ro code   0x800'1a70     0x4  startup_stm32f405xx.o [1]
  .text              ro code   0x800'1a74     0x4  startup_stm32f405xx.o [1]
  .text              ro code   0x800'1a78     0x4  startup_stm32f405xx.o [1]
  .text              ro code   0x800'1a7c     0x4  startup_stm32f405xx.o [1]
  .text              ro code   0x800'1a80     0x4  startup_stm32f405xx.o [1]
  .text              ro code   0x800'1a84     0x4  startup_stm32f405xx.o [1]
  .text              ro code   0x800'1a88     0x4  startup_stm32f405xx.o [1]
  .text              ro code   0x800'1a8c     0x4  startup_stm32f405xx.o [1]
  .text              ro code   0x800'1a90     0x4  startup_stm32f405xx.o [1]
  .text              ro code   0x800'1a94     0x4  startup_stm32f405xx.o [1]
  .text              ro code   0x800'1a98     0x4  startup_stm32f405xx.o [1]
  .text              ro code   0x800'1a9c     0x4  startup_stm32f405xx.o [1]
  .text              ro code   0x800'1aa0     0x4  startup_stm32f405xx.o [1]
  .text              ro code   0x800'1aa4     0x4  startup_stm32f405xx.o [1]
  .text              ro code   0x800'1aa8     0x4  startup_stm32f405xx.o [1]
  .text              ro code   0x800'1aac     0x4  startup_stm32f405xx.o [1]
  .text              ro code   0x800'1ab0     0x4  startup_stm32f405xx.o [1]
  .text              ro code   0x800'1ab4     0x4  startup_stm32f405xx.o [1]
  .text              ro code   0x800'1ab8     0x4  startup_stm32f405xx.o [1]
  .text              ro code   0x800'1abc     0x4  startup_stm32f405xx.o [1]
  .text              ro code   0x800'1ac0     0x4  startup_stm32f405xx.o [1]
  .text              ro code   0x800'1ac4     0x4  startup_stm32f405xx.o [1]
  .text              ro code   0x800'1ac8     0x4  startup_stm32f405xx.o [1]
  .rodata            const     0x800'1acc     0x0  zero_init3.o [4]
  .rodata            const     0x800'1acc     0x0  packbits_init_single.o [4]
  Initializer bytes  const     0x800'1acc    0x2e  <for P2-1>
                             - 0x800'1afa  0x1972

"P2", part 1 of 3:                           0x3c
  P2-1                        0x2000'0000    0x3c  <Init block>
    .data            inited   0x2000'0000    0x2c  main.o [1]
    .data            inited   0x2000'002c     0xc  stm32f4xx_hal.o [1]
    .data            inited   0x2000'0038     0x4  system_stm32f4xx.o [1]
                            - 0x2000'003c    0x3c

"P2", part 2 of 3:                           0x80
  .bss               zero     0x2000'003c    0x40  tim.o [1]
  .bss               zero     0x2000'007c    0x40  usart.o [1]
                            - 0x2000'00bc    0x80

"P2", part 3 of 3:                          0x400
  CSTACK                      0x2000'00c0   0x400  <Block>
    CSTACK           uninit   0x2000'00c0   0x400  <Block tail>
                            - 0x2000'04c0   0x400

Unused ranges:

         From           To      Size
         ----           --      ----
   0x800'1afa   0x80f'ffff  0xf'e506
  0x2000'00bc  0x2000'00bf       0x4
  0x2000'04c0  0x2001'ffff  0x1'fb40


*******************************************************************************
*** INIT TABLE
***

          Address      Size
          -------      ----
Zero (__iar_zero_init3)
    1 destination range, total size 0x80:
          0x2000'003c  0x80

Copy/packbits (__iar_packbits_init_single3)
    1 source range, total size 0x2e (76% of destination):
           0x800'1acc  0x2e
    1 destination range, total size 0x3c:
          0x2000'0000  0x3c



*******************************************************************************
*** MODULE SUMMARY
***

    Module                  ro code  ro data  rw data
    ------                  -------  -------  -------
command line/config:
    -------------------------------------------------
    Total:

D:\Backups\IoT\ARM\Practice\PWM\EWARM\PWM\Obj: [1]
    gpio.o                       56
    main.o                      318       33       44
    startup_stm32f405xx.o       716
    stm32f4xx_hal.o             144        9       12
    stm32f4xx_hal_cortex.o      196
    stm32f4xx_hal_dma.o          36
    stm32f4xx_hal_gpio.o        476
    stm32f4xx_hal_msp.o          56
    stm32f4xx_hal_rcc.o       1'212
    stm32f4xx_hal_tim.o       1'272
    stm32f4xx_hal_tim_ex.o      140
    stm32f4xx_hal_uart.o        984
    stm32f4xx_it.o               32
    system_stm32f4xx.o           44       12        4
    tim.o                       288                64
    usart.o                     180                64
    -------------------------------------------------
    Total:                    6'150       54      188

dl7M_tln.a: [2]
    exit.o                        4
    low_level_init.o              4
    -------------------------------------------------
    Total:                        8

m7M_tls.a: [3]
    fpinit_M.o                   34
    -------------------------------------------------
    Total:                       34

rt7M_tl.a: [4]
    ABImemset.o                 102
    I64DivMod_small.o           262
    I64DivZer.o                   2
    cexit.o                      10
    cmain.o                      30
    cstartup_M.o                 12
    data_init.o                  40
    memset.o                     20
    packbits_init_single.o       56
    zero_init3.o                 58
    -------------------------------------------------
    Total:                      592

shb_l.a: [5]
    exit.o                       20
    -------------------------------------------------
    Total:                       20

    Gaps                         14        2
    Linker created                        32    1'024
-----------------------------------------------------
    Grand Total:              6'818       88    1'212


*******************************************************************************
*** ENTRY LIST
***

Entry                       Address   Size  Type      Object
-----                       -------   ----  ----      ------
.iar.init_table$$Base    0x800'18dc          --   Gb  - Linker created -
.iar.init_table$$Limit   0x800'18fc          --   Gb  - Linker created -
?main                    0x800'192d         Code  Gb  cmain.o [4]
AHBPrescTable            0x800'1880   0x10  Data  Gb  system_stm32f4xx.o [1]
APBPrescTable            0x800'1990    0x8  Data  Gb  system_stm32f4xx.o [1]
BusFault_Handler         0x800'1903    0x2  Code  Gb  stm32f4xx_it.o [1]
CSTACK$$Base            0x2000'00c0          --   Gb  - Linker created -
CSTACK$$Limit           0x2000'04c0          --   Gb  - Linker created -
DebugMon_Handler         0x800'1909    0x2  Code  Gb  stm32f4xx_it.o [1]
Error_Handler            0x800'092d    0x2  Code  Gb  main.o [1]
HAL_DMA_Abort_IT         0x800'16ed   0x24  Code  Gb  stm32f4xx_hal_dma.o [1]
HAL_GPIO_Init            0x800'09bd  0x1ae  Code  Gb  stm32f4xx_hal_gpio.o [1]
HAL_GetTick              0x800'181d    0xc  Code  Wk  stm32f4xx_hal.o [1]
HAL_IncTick              0x800'191d   0x10  Code  Wk  stm32f4xx_hal.o [1]
HAL_Init                 0x800'0c01   0x30  Code  Gb  stm32f4xx_hal.o [1]
HAL_InitTick             0x800'1675   0x40  Code  Wk  stm32f4xx_hal.o [1]
HAL_MspInit              0x800'16b5   0x38  Code  Gb  stm32f4xx_hal_msp.o [1]
HAL_NVIC_EnableIRQ       0x800'161f   0x16  Code  Gb  stm32f4xx_hal_cortex.o [1]
HAL_NVIC_SetPriority     0x800'15e5   0x3a  Code  Gb  stm32f4xx_hal_cortex.o [1]
HAL_NVIC_SetPriorityGrouping
                         0x800'15cb   0x1a  Code  Gb  stm32f4xx_hal_cortex.o [1]
HAL_RCC_ClockConfig      0x800'1405  0x100  Code  Gb  stm32f4xx_hal_rcc.o [1]
HAL_RCC_GetPCLK1Freq     0x800'1511   0x10  Code  Gb  stm32f4xx_hal_rcc.o [1]
HAL_RCC_GetPCLK2Freq     0x800'1521    0xe  Code  Gb  stm32f4xx_hal_rcc.o [1]
HAL_RCC_OscConfig        0x800'10f5  0x310  Code  Wk  stm32f4xx_hal_rcc.o [1]
HAL_SYSTICK_Config       0x800'1635   0x28  Code  Gb  stm32f4xx_hal_cortex.o [1]
HAL_TIMEx_MasterConfigSynchronization
                         0x800'0931   0x6e  Code  Gb  stm32f4xx_hal_tim_ex.o [1]
HAL_TIM_Base_Init        0x800'0189   0x1a  Code  Gb  stm32f4xx_hal_tim.o [1]
HAL_TIM_Base_MspInit     0x800'0753   0x26  Code  Gb  tim.o [1]
HAL_TIM_ConfigClockSource
                         0x800'0321   0x90  Code  Gb  stm32f4xx_hal_tim.o [1]
HAL_TIM_MspPostInit      0x800'0779   0x4e  Code  Gb  tim.o [1]
HAL_TIM_PWM_ConfigChannel
                         0x800'0231   0xbc  Code  Gb  stm32f4xx_hal_tim.o [1]
HAL_TIM_PWM_Init         0x800'01d7   0x1a  Code  Gb  stm32f4xx_hal_tim.o [1]
HAL_TIM_PWM_Start        0x800'01f1   0x14  Code  Gb  stm32f4xx_hal_tim.o [1]
HAL_UART_IRQHandler      0x800'0df9  0x15c  Code  Gb  stm32f4xx_hal_uart.o [1]
HAL_UART_Init            0x800'0d21   0x1e  Code  Gb  stm32f4xx_hal_uart.o [1]
HAL_UART_MspInit         0x800'0c9b   0x76  Code  Gb  usart.o [1]
HAL_UART_Receive_IT      0x800'0d97   0x56  Code  Gb  stm32f4xx_hal_uart.o [1]
HAL_UART_RxCpltCallback
                         0x800'08b1   0x5a  Code  Gb  main.o [1]
HardFault_Handler        0x800'18ff    0x2  Code  Gb  stm32f4xx_it.o [1]
MX_GPIO_Init             0x800'0c35   0x38  Code  Gb  gpio.o [1]
MX_TIM2_Init             0x800'06b9   0x9a  Code  Gb  tim.o [1]
MX_USART1_UART_Init      0x800'0c6d   0x2e  Code  Gb  usart.o [1]
MemManage_Handler        0x800'1901    0x2  Code  Gb  stm32f4xx_it.o [1]
NMI_Handler              0x800'18fd    0x2  Code  Gb  stm32f4xx_it.o [1]
PendSV_Handler           0x800'190b    0x2  Code  Gb  stm32f4xx_it.o [1]
Region$$Table$$Base      0x800'18dc          --   Gb  - Linker created -
Region$$Table$$Limit     0x800'18fc          --   Gb  - Linker created -
SVC_Handler              0x800'1907    0x2  Code  Gb  stm32f4xx_it.o [1]
SysTick_Handler          0x800'190d    0x4  Code  Gb  stm32f4xx_it.o [1]
SystemClock_Config       0x800'081b   0x96  Code  Gb  main.o [1]
SystemCoreClock         0x2000'0038    0x4  Data  Gb  system_stm32f4xx.o [1]
SystemInit               0x800'1865   0x14  Code  Gb  system_stm32f4xx.o [1]
TIM_Base_SetConfig       0x800'03db   0x96  Code  Gb  stm32f4xx_hal_tim.o [1]
TIM_CCxChannelCmd        0x800'0663   0x16  Code  Gb  stm32f4xx_hal_tim.o [1]
TIM_ETR_SetConfig        0x800'064f   0x14  Code  Gb  stm32f4xx_hal_tim.o [1]
TIM_ITRx_SetConfig       0x800'063f   0x10  Code  Lc  stm32f4xx_hal_tim.o [1]
TIM_OC1_SetConfig        0x800'0471   0x58  Code  Lc  stm32f4xx_hal_tim.o [1]
TIM_OC2_SetConfig        0x800'04c9   0x60  Code  Gb  stm32f4xx_hal_tim.o [1]
TIM_OC3_SetConfig        0x800'0529   0x5e  Code  Lc  stm32f4xx_hal_tim.o [1]
TIM_OC4_SetConfig        0x800'0587   0x46  Code  Lc  stm32f4xx_hal_tim.o [1]
TIM_TI1_ConfigInputStage
                         0x800'05fd   0x1e  Code  Lc  stm32f4xx_hal_tim.o [1]
TIM_TI2_ConfigInputStage
                         0x800'061b   0x24  Code  Lc  stm32f4xx_hal_tim.o [1]
UART_DMAAbortOnError     0x800'0f71    0xc  Code  Lc  stm32f4xx_hal_uart.o [1]
UART_EndRxTransfer       0x800'0f55   0x1c  Code  Lc  stm32f4xx_hal_uart.o [1]
UART_Receive_IT          0x800'0f7d   0x92  Code  Lc  stm32f4xx_hal_uart.o [1]
UART_SetConfig           0x800'100f   0xca  Code  Lc  stm32f4xx_hal_uart.o [1]
USART1_IRQHandler        0x800'1911    0x6  Code  Gb  stm32f4xx_it.o [1]
UsageFault_Handler       0x800'1905    0x2  Code  Gb  stm32f4xx_it.o [1]
__NVIC_SetPriority       0x800'15b1   0x1a  Code  Lc  stm32f4xx_hal_cortex.o [1]
__aeabi_ldiv0            0x800'1829         Code  Gb  I64DivZer.o [4]
__aeabi_memset           0x800'0b99         Code  Gb  ABImemset.o [4]
__cmain                  0x800'192d         Code  Gb  cmain.o [4]
__exit                   0x800'1961   0x14  Code  Gb  exit.o [5]
__iar_Memset             0x800'0b99         Code  Gb  ABImemset.o [4]
__iar_Memset_word        0x800'0ba1         Code  Gb  ABImemset.o [4]
__iar_data_init3         0x800'1891   0x28  Code  Gb  data_init.o [4]
__iar_init_vfp           0x800'18b9         Code  Gb  fpinit_M.o [3]
__iar_packbits_init_single3
                         0x800'182b   0x38  Code  Gb  packbits_init_single.o [4]
__iar_program_start      0x800'1985         Code  Gb  cstartup_M.o [4]
__iar_small_uldivmod     0x800'1715         Code  Gb  I64DivMod_small.o [4]
__iar_zero_init3         0x800'067f   0x3a  Code  Gb  zero_init3.o [4]
__low_level_init         0x800'194b    0x4  Code  Gb  low_level_init.o [2]
__vector_table           0x800'0000         Data  Gb  startup_stm32f405xx.o [1]
_call_main               0x800'1939         Code  Gb  cmain.o [4]
_exit                    0x800'1955         Code  Gb  cexit.o [4]
_main                    0x800'1947         Code  Gb  cmain.o [4]
duty                    0x2000'0008    0x4  Data  Gb  main.o [1]
exit                     0x800'194f    0x4  Code  Gb  exit.o [2]
freq                    0x2000'0004    0x4  Data  Gb  main.o [1]
htim2                   0x2000'003c   0x40  Data  Gb  tim.o [1]
huart1                  0x2000'007c   0x40  Data  Gb  usart.o [1]
main                     0x800'07f1   0x2a  Code  Gb  main.o [1]
melodies                0x2000'000c   0x20  Data  Gb  main.o [1]
memset                   0x800'07db   0x14  Code  Gb  memset.o [4]
rxData                  0x2000'0000    0x1  Data  Gb  main.o [1]
uwTick                  0x2000'0030    0x4  Data  Gb  stm32f4xx_hal.o [1]
uwTickFreq              0x2000'002c    0x1  Data  Gb  stm32f4xx_hal.o [1]
uwTickPrio              0x2000'0034    0x4  Data  Gb  stm32f4xx_hal.o [1]


[1] = D:\Backups\IoT\ARM\Practice\PWM\EWARM\PWM\Obj
[2] = dl7M_tln.a
[3] = m7M_tls.a
[4] = rt7M_tl.a
[5] = shb_l.a

  6'818 bytes of readonly  code memory
     88 bytes of readonly  data memory
  1'212 bytes of readwrite data memory

Errors: none
Warnings: none
