###############################################################################
#
# IAR ELF Linker V8.50.4.261/W32 for ARM                  24/Jun/2020  14:15:00
# Copyright 2007-2020 IAR Systems AB.
#
#    Output file  =
#        D:\Backups\IoT\ARM\Practice\ADC_DAC\EWARM\ADC_DAC\Exe\ADC_DAC.out
#    Map file     =
#        D:\Backups\IoT\ARM\Practice\ADC_DAC\EWARM\ADC_DAC\List\ADC_DAC.map
#    Command line =
#        -f C:\Users\Karunio\AppData\Local\Temp\EWC6D.tmp
#        (D:\Backups\IoT\ARM\Practice\ADC_DAC\EWARM\ADC_DAC\Obj\adc.o
#        D:\Backups\IoT\ARM\Practice\ADC_DAC\EWARM\ADC_DAC\Obj\gpio.o
#        D:\Backups\IoT\ARM\Practice\ADC_DAC\EWARM\ADC_DAC\Obj\lcd.o
#        D:\Backups\IoT\ARM\Practice\ADC_DAC\EWARM\ADC_DAC\Obj\main.o
#        D:\Backups\IoT\ARM\Practice\ADC_DAC\EWARM\ADC_DAC\Obj\startup_stm32f405xx.o
#        D:\Backups\IoT\ARM\Practice\ADC_DAC\EWARM\ADC_DAC\Obj\stm32f4xx_hal.o
#        D:\Backups\IoT\ARM\Practice\ADC_DAC\EWARM\ADC_DAC\Obj\stm32f4xx_hal_adc.o
#        D:\Backups\IoT\ARM\Practice\ADC_DAC\EWARM\ADC_DAC\Obj\stm32f4xx_hal_adc_ex.o
#        D:\Backups\IoT\ARM\Practice\ADC_DAC\EWARM\ADC_DAC\Obj\stm32f4xx_hal_cortex.o
#        D:\Backups\IoT\ARM\Practice\ADC_DAC\EWARM\ADC_DAC\Obj\stm32f4xx_hal_dma.o
#        D:\Backups\IoT\ARM\Practice\ADC_DAC\EWARM\ADC_DAC\Obj\stm32f4xx_hal_dma_ex.o
#        D:\Backups\IoT\ARM\Practice\ADC_DAC\EWARM\ADC_DAC\Obj\stm32f4xx_hal_exti.o
#        D:\Backups\IoT\ARM\Practice\ADC_DAC\EWARM\ADC_DAC\Obj\stm32f4xx_hal_flash.o
#        D:\Backups\IoT\ARM\Practice\ADC_DAC\EWARM\ADC_DAC\Obj\stm32f4xx_hal_flash_ex.o
#        D:\Backups\IoT\ARM\Practice\ADC_DAC\EWARM\ADC_DAC\Obj\stm32f4xx_hal_flash_ramfunc.o
#        D:\Backups\IoT\ARM\Practice\ADC_DAC\EWARM\ADC_DAC\Obj\stm32f4xx_hal_gpio.o
#        D:\Backups\IoT\ARM\Practice\ADC_DAC\EWARM\ADC_DAC\Obj\stm32f4xx_hal_msp.o
#        D:\Backups\IoT\ARM\Practice\ADC_DAC\EWARM\ADC_DAC\Obj\stm32f4xx_hal_pwr.o
#        D:\Backups\IoT\ARM\Practice\ADC_DAC\EWARM\ADC_DAC\Obj\stm32f4xx_hal_pwr_ex.o
#        D:\Backups\IoT\ARM\Practice\ADC_DAC\EWARM\ADC_DAC\Obj\stm32f4xx_hal_rcc.o
#        D:\Backups\IoT\ARM\Practice\ADC_DAC\EWARM\ADC_DAC\Obj\stm32f4xx_hal_rcc_ex.o
#        D:\Backups\IoT\ARM\Practice\ADC_DAC\EWARM\ADC_DAC\Obj\stm32f4xx_hal_tim.o
#        D:\Backups\IoT\ARM\Practice\ADC_DAC\EWARM\ADC_DAC\Obj\stm32f4xx_hal_tim_ex.o
#        D:\Backups\IoT\ARM\Practice\ADC_DAC\EWARM\ADC_DAC\Obj\stm32f4xx_it.o
#        D:\Backups\IoT\ARM\Practice\ADC_DAC\EWARM\ADC_DAC\Obj\system_stm32f4xx.o
#        --redirect _Printf=_PrintfFull --redirect _Scanf=_ScanfFull
#        --no_out_extension -o
#        D:\Backups\IoT\ARM\Practice\ADC_DAC\EWARM\ADC_DAC\Exe\ADC_DAC.out
#        --map
#        D:\Backups\IoT\ARM\Practice\ADC_DAC\EWARM\ADC_DAC\List\ADC_DAC.map
#        --config
#        D:\Backups\IoT\ARM\Practice\ADC_DAC\EWARM/stm32f405xx_flash.icf
#        --semihosting --entry __iar_program_start --vfe --text_out locale)
#
###############################################################################

*******************************************************************************
*** RUNTIME MODEL ATTRIBUTES
***

CppFlavor       = *
__SystemLibrary = DLib
__dlib_version  = 6


*******************************************************************************
*** HEAP SELECTION
***

The basic heap was selected because some modules are built with
size limitations (and not runtime checking), and --advanced_heap
was not specified.


*******************************************************************************
*** PLACEMENT SUMMARY
***

"A0":  place at address 0x800'0000 { ro section .intvec };
"P1":  place in [from 0x800'0000 to 0x80f'ffff] { ro };
define block CSTACK with size = 1K, alignment = 8 { };
define block HEAP with size = 512, alignment = 8 { };
"P2":  place in [from 0x2000'0000 to 0x2001'ffff] {
          rw, block CSTACK, block HEAP };
initialize by copy { rw };

  Section            Kind         Address    Size  Object
  -------            ----         -------    ----  ------
"A0":                                       0x188
  .intvec            ro code   0x800'0000   0x188  startup_stm32f405xx.o [1]
                             - 0x800'0188   0x188

"P1":                                      0x3351
  .text              ro code   0x800'0188  0x10c6  xprintffull.o [2]
  .text              ro code   0x800'124e    0x3a  zero_init3.o [4]
  .text              ro code   0x800'1288    0x7c  xlocale_c.o [2]
  .text              ro code   0x800'1304    0x16  strchr.o [4]
  .text              ro code   0x800'131a    0x1e  xencoding_8859_1.o [2]
  .text              ro code   0x800'1338    0x40  xfail_s.o [2]
  .text              ro code   0x800'1378    0x14  strlen_small.o [4]
  .text              ro code   0x800'138c    0x58  memchr.o [4]
  .text              ro code   0x800'13e4    0xa6  ABImemcpy.o [4]
  .text              ro code   0x800'148a     0xa  xsprout.o [2]
  .text              ro code   0x800'1494    0x70  frexp.o [3]
  .text              ro code   0x800'1504    0x2e  DblCmpLe.o [3]
  .rodata            const     0x800'1532     0x2  xlocale_c.o [2]
  .text              ro code   0x800'1534    0x2e  DblCmpGe.o [3]
  .rodata            const     0x800'1562     0x2  xlocale_c.o [2]
  .text              ro code   0x800'1564   0x13a  ldexp.o [3]
  .rodata            const     0x800'169e     0x1  xlocale_c.o [2]
  .text              ro code   0x800'16a0    0x3a  DblToS32.o [3]
  .text              ro code   0x800'16dc    0x22  S32ToDbl.o [3]
  .text              ro code   0x800'1700    0xe2  DblSub.o [3]
  .text              ro code   0x800'17e4   0x246  DblDiv.o [3]
  .text              ro code   0x800'1a2c    0x28  DblToU32.o [3]
  .text              ro code   0x800'1a54    0x1a  U32ToDbl.o [3]
  .text              ro code   0x800'1a70   0x1a2  DblMul.o [3]
  .text              ro code   0x800'1c12     0xa  xmbcurmax.o [2]
  .text              ro code   0x800'1c1c   0x106  I64DivMod_small.o [4]
  .text              ro code   0x800'1d22     0x6  abort.o [2]
  .text              ro code   0x800'1d28   0x16a  DblAdd.o [3]
  .text              ro code   0x800'1e94     0x2  I64DivZer.o [4]
  .text              ro code   0x800'1e98    0x14  exit.o [5]
  .text              ro code   0x800'1eac   0x4c4  stm32f4xx_hal_adc.o [1]
  .text              ro code   0x800'2370    0xcc  adc.o [1]
  .text              ro code   0x800'243c     0xc  stm32f4xx_hal.o [1]
  .text              ro code   0x800'2448    0x14  memset.o [4]
  .text              ro code   0x800'245c   0x134  main.o [1]
  .text              ro code   0x800'2590   0x1e4  stm32f4xx_hal_gpio.o [1]
  .text              ro code   0x800'2774    0x66  ABImemset.o [4]
  .text              ro code   0x800'27dc    0x34  stm32f4xx_hal.o [1]
  .text              ro code   0x800'2810    0xb4  gpio.o [1]
  .text              ro code   0x800'28c4   0x2cc  lcd.o [1]
  .text              ro code   0x800'2b90    0x40  sprintf.o [2]
  .text              ro code   0x800'2bd0    0x28  stm32f4xx_hal.o [1]
  .text              ro code   0x800'2bf8     0x6  ABImemclr4.o [4]
  .text              ro code   0x800'2c00   0x310  stm32f4xx_hal_rcc.o [1]
  .text              ro code   0x800'2f10   0x180  stm32f4xx_hal_rcc.o [1]
  .text              ro code   0x800'3090    0xac  stm32f4xx_hal_cortex.o [1]
  .text              ro code   0x800'313c    0x40  stm32f4xx_hal.o [1]
  .text              ro code   0x800'317c    0x38  stm32f4xx_hal_msp.o [1]
  .text              ro code   0x800'31b4    0x32  ABImemset48.o [4]
  .text              ro code   0x800'31e6    0x78  lz77_init_single.o [4]
  .text              ro code   0x800'3260    0x2c  system_stm32f4xx.o [1]
  .text              ro code   0x800'328c    0x28  data_init.o [4]
  .text              ro code   0x800'32b4    0x22  fpinit_M.o [3]
  .iar.init_table    const     0x800'32d8    0x20  - Linker created -
  .text              ro code   0x800'32f8    0x1e  cmain.o [4]
  .text              ro code   0x800'3316     0x4  low_level_init.o [2]
  .text              ro code   0x800'331a     0x4  exit.o [2]
  .text              ro code   0x800'3320     0xa  cexit.o [4]
  .text              ro code   0x800'332a    0x14  stm32f4xx_it.o [1]
  .text              ro code   0x800'3340    0x10  stm32f4xx_hal.o [1]
  .text              ro code   0x800'3350    0x10  startup_stm32f405xx.o [1]
  .text              ro code   0x800'3360     0xc  cstartup_M.o [4]
  .text              ro code   0x800'336c     0x4  startup_stm32f405xx.o [1]
  .text              ro code   0x800'3370     0x4  startup_stm32f405xx.o [1]
  .text              ro code   0x800'3374     0x4  startup_stm32f405xx.o [1]
  .text              ro code   0x800'3378     0x4  startup_stm32f405xx.o [1]
  .text              ro code   0x800'337c     0x4  startup_stm32f405xx.o [1]
  .text              ro code   0x800'3380     0x4  startup_stm32f405xx.o [1]
  .text              ro code   0x800'3384     0x4  startup_stm32f405xx.o [1]
  .text              ro code   0x800'3388     0x4  startup_stm32f405xx.o [1]
  .text              ro code   0x800'338c     0x4  startup_stm32f405xx.o [1]
  .text              ro code   0x800'3390     0x4  startup_stm32f405xx.o [1]
  .text              ro code   0x800'3394     0x4  startup_stm32f405xx.o [1]
  .text              ro code   0x800'3398     0x4  startup_stm32f405xx.o [1]
  .text              ro code   0x800'339c     0x4  startup_stm32f405xx.o [1]
  .text              ro code   0x800'33a0     0x4  startup_stm32f405xx.o [1]
  .text              ro code   0x800'33a4     0x4  startup_stm32f405xx.o [1]
  .text              ro code   0x800'33a8     0x4  startup_stm32f405xx.o [1]
  .text              ro code   0x800'33ac     0x4  startup_stm32f405xx.o [1]
  .text              ro code   0x800'33b0     0x4  startup_stm32f405xx.o [1]
  .text              ro code   0x800'33b4     0x4  startup_stm32f405xx.o [1]
  .text              ro code   0x800'33b8     0x4  startup_stm32f405xx.o [1]
  .text              ro code   0x800'33bc     0x4  startup_stm32f405xx.o [1]
  .text              ro code   0x800'33c0     0x4  startup_stm32f405xx.o [1]
  .text              ro code   0x800'33c4     0x4  startup_stm32f405xx.o [1]
  .text              ro code   0x800'33c8     0x4  startup_stm32f405xx.o [1]
  .text              ro code   0x800'33cc     0x4  startup_stm32f405xx.o [1]
  .text              ro code   0x800'33d0     0x4  startup_stm32f405xx.o [1]
  .text              ro code   0x800'33d4     0x4  startup_stm32f405xx.o [1]
  .text              ro code   0x800'33d8     0x4  startup_stm32f405xx.o [1]
  .text              ro code   0x800'33dc     0x4  startup_stm32f405xx.o [1]
  .text              ro code   0x800'33e0     0x4  startup_stm32f405xx.o [1]
  .text              ro code   0x800'33e4     0x4  startup_stm32f405xx.o [1]
  .text              ro code   0x800'33e8     0x4  startup_stm32f405xx.o [1]
  .text              ro code   0x800'33ec     0x4  startup_stm32f405xx.o [1]
  .text              ro code   0x800'33f0     0x4  startup_stm32f405xx.o [1]
  .text              ro code   0x800'33f4     0x4  startup_stm32f405xx.o [1]
  .text              ro code   0x800'33f8     0x4  startup_stm32f405xx.o [1]
  .text              ro code   0x800'33fc     0x4  startup_stm32f405xx.o [1]
  .text              ro code   0x800'3400     0x4  startup_stm32f405xx.o [1]
  .text              ro code   0x800'3404     0x4  startup_stm32f405xx.o [1]
  .text              ro code   0x800'3408     0x4  startup_stm32f405xx.o [1]
  .text              ro code   0x800'340c     0x4  startup_stm32f405xx.o [1]
  .text              ro code   0x800'3410     0x4  startup_stm32f405xx.o [1]
  .text              ro code   0x800'3414     0x4  startup_stm32f405xx.o [1]
  .text              ro code   0x800'3418     0x4  startup_stm32f405xx.o [1]
  .text              ro code   0x800'341c     0x4  startup_stm32f405xx.o [1]
  .text              ro code   0x800'3420     0x4  startup_stm32f405xx.o [1]
  .text              ro code   0x800'3424     0x4  startup_stm32f405xx.o [1]
  .text              ro code   0x800'3428     0x4  startup_stm32f405xx.o [1]
  .text              ro code   0x800'342c     0x4  startup_stm32f405xx.o [1]
  .text              ro code   0x800'3430     0x4  startup_stm32f405xx.o [1]
  .text              ro code   0x800'3434     0x4  startup_stm32f405xx.o [1]
  .text              ro code   0x800'3438     0x4  startup_stm32f405xx.o [1]
  .text              ro code   0x800'343c     0x4  startup_stm32f405xx.o [1]
  .text              ro code   0x800'3440     0x4  startup_stm32f405xx.o [1]
  .text              ro code   0x800'3444     0x4  startup_stm32f405xx.o [1]
  .text              ro code   0x800'3448     0x4  startup_stm32f405xx.o [1]
  .text              ro code   0x800'344c     0x4  startup_stm32f405xx.o [1]
  .text              ro code   0x800'3450     0x4  startup_stm32f405xx.o [1]
  .text              ro code   0x800'3454     0x4  startup_stm32f405xx.o [1]
  .text              ro code   0x800'3458     0x4  startup_stm32f405xx.o [1]
  .text              ro code   0x800'345c     0x4  startup_stm32f405xx.o [1]
  .text              ro code   0x800'3460     0x4  startup_stm32f405xx.o [1]
  .text              ro code   0x800'3464     0x4  startup_stm32f405xx.o [1]
  .text              ro code   0x800'3468     0x4  startup_stm32f405xx.o [1]
  .text              ro code   0x800'346c     0x4  startup_stm32f405xx.o [1]
  .text              ro code   0x800'3470     0x4  startup_stm32f405xx.o [1]
  .text              ro code   0x800'3474     0x4  startup_stm32f405xx.o [1]
  .text              ro code   0x800'3478     0x4  startup_stm32f405xx.o [1]
  .text              ro code   0x800'347c     0x4  startup_stm32f405xx.o [1]
  .text              ro code   0x800'3480     0x4  startup_stm32f405xx.o [1]
  .text              ro code   0x800'3484     0x4  startup_stm32f405xx.o [1]
  .text              ro code   0x800'3488     0x4  startup_stm32f405xx.o [1]
  .text              ro code   0x800'348c     0x4  startup_stm32f405xx.o [1]
  .text              ro code   0x800'3490     0x4  startup_stm32f405xx.o [1]
  .text              ro code   0x800'3494     0x4  startup_stm32f405xx.o [1]
  .text              ro code   0x800'3498     0x4  startup_stm32f405xx.o [1]
  .text              ro code   0x800'349c     0x4  startup_stm32f405xx.o [1]
  .text              ro code   0x800'34a0     0x4  startup_stm32f405xx.o [1]
  .rodata            const     0x800'34a4     0x0  zero_init3.o [4]
  .rodata            const     0x800'34a4     0x0  lz77_init_single.o [4]
  Initializer bytes  const     0x800'34a4    0x35  <for P2-1>
                             - 0x800'34d9  0x3351

"P2", part 1 of 3:                           0x90
  P2-1                        0x2000'0000    0x90  <Init block>
    .data            inited   0x2000'0000     0xc  stm32f4xx_hal.o [1]
    .data            inited   0x2000'000c     0x4  system_stm32f4xx.o [1]
    .data            inited   0x2000'0010    0x38  xlocale_c.o [2]
    .data            inited   0x2000'0048    0x48  xlocale_c.o [2]
                            - 0x2000'0090    0x90

"P2", part 2 of 3:                           0x5c
  .bss               zero     0x2000'0090    0x48  adc.o [1]
  .bss               zero     0x2000'00d8    0x10  main.o [1]
  .bss               zero     0x2000'00e8     0x4  xfail_s.o [2]
                            - 0x2000'00ec    0x5c

"P2", part 3 of 3:                          0x400
  CSTACK                      0x2000'00f0   0x400  <Block>
    CSTACK           uninit   0x2000'00f0   0x400  <Block tail>
                            - 0x2000'04f0   0x400

Unused ranges:

         From           To      Size
         ----           --      ----
   0x800'34d9   0x80f'ffff  0xf'cb27
  0x2000'00ec  0x2000'00ef       0x4
  0x2000'04f0  0x2001'ffff  0x1'fb10


*******************************************************************************
*** INIT TABLE
***

          Address      Size
          -------      ----
Zero (__iar_zero_init3)
    1 destination range, total size 0x5c:
          0x2000'0090  0x5c

Copy/lz77 (__iar_lz77_init_single3)
    1 source range, total size 0x35 (36% of destination):
           0x800'34a4  0x35
    1 destination range, total size 0x90:
          0x2000'0000  0x90



*******************************************************************************
*** MODULE SUMMARY
***

    Module                  ro code  ro data  rw data
    ------                  -------  -------  -------
command line/config:
    -------------------------------------------------
    Total:

D:\Backups\IoT\ARM\Practice\ADC_DAC\EWARM\ADC_DAC\Obj: [1]
    adc.o                       204                72
    gpio.o                      180
    lcd.o                       716
    main.o                      308                16
    startup_stm32f405xx.o       720
    stm32f4xx_hal.o             184        4       12
    stm32f4xx_hal_adc.o       1'220
    stm32f4xx_hal_cortex.o      172
    stm32f4xx_hal_gpio.o        484
    stm32f4xx_hal_msp.o          56
    stm32f4xx_hal_rcc.o       1'168
    stm32f4xx_it.o               20
    system_stm32f4xx.o           44        1        4
    -------------------------------------------------
    Total:                    5'476        5      104

dl7M_tlf.a: [2]
    abort.o                       6
    exit.o                        4
    low_level_init.o              4
    sprintf.o                    64
    xencoding_8859_1.o           30
    xfail_s.o                    64                 4
    xlocale_c.o                 124       53      128
    xmbcurmax.o                  10
    xprintffull.o             4'294
    xsprout.o                    10
    -------------------------------------------------
    Total:                    4'610       53      132

m7M_tls.a: [3]
    DblAdd.o                    362
    DblCmpGe.o                   46
    DblCmpLe.o                   46
    DblDiv.o                    582
    DblMul.o                    418
    DblSub.o                    226
    DblToS32.o                   58
    DblToU32.o                   40
    S32ToDbl.o                   34
    U32ToDbl.o                   26
    fpinit_M.o                   34
    frexp.o                     112
    ldexp.o                     314
    -------------------------------------------------
    Total:                    2'298

rt7M_tl.a: [4]
    ABImemclr4.o                  6
    ABImemcpy.o                 166
    ABImemset.o                 102
    ABImemset48.o                50
    I64DivMod_small.o           262
    I64DivZer.o                   2
    cexit.o                      10
    cmain.o                      30
    cstartup_M.o                 12
    data_init.o                  40
    lz77_init_single.o          120
    memchr.o                     88
    memset.o                     20
    strchr.o                     22
    strlen_small.o               20
    zero_init3.o                 58
    -------------------------------------------------
    Total:                    1'008

shb_l.a: [5]
    exit.o                       20
    -------------------------------------------------
    Total:                       20

    Gaps                         25        2
    Linker created                        32    1'024
-----------------------------------------------------
    Grand Total:             13'437       92    1'260


*******************************************************************************
*** ENTRY LIST
***

Entry                       Address   Size  Type      Object
-----                       -------   ----  ----      ------
.iar.init_table$$Base    0x800'32d8          --   Gb  - Linker created -
.iar.init_table$$Limit   0x800'32f8          --   Gb  - Linker created -
?main                    0x800'32f9         Code  Gb  cmain.o [4]
AHBPrescTable            0x800'327c   0x10  Data  Gb  system_stm32f4xx.o [1]
BusFault_Handler         0x800'3331    0x2  Code  Gb  stm32f4xx_it.o [1]
CSTACK$$Base            0x2000'00f0          --   Gb  - Linker created -
CSTACK$$Limit           0x2000'04f0          --   Gb  - Linker created -
CacheMore                0x800'128d   0x28  Code  Lc  xlocale_c.o [2]
DebugMon_Handler         0x800'3337    0x2  Code  Gb  stm32f4xx_it.o [1]
Error_Handler            0x800'2581    0x2  Code  Gb  main.o [1]
HAL_ADC_ConfigChannel    0x800'2217  0x110  Code  Gb  stm32f4xx_hal_adc.o [1]
HAL_ADC_GetValue         0x800'2211    0x6  Code  Gb  stm32f4xx_hal_adc.o [1]
HAL_ADC_Init             0x800'1ead  0x154  Code  Gb  stm32f4xx_hal_adc.o [1]
HAL_ADC_MspInit          0x800'23cd   0x5c  Code  Gb  adc.o [1]
HAL_ADC_PollForConversion
                         0x800'20c3   0x9e  Code  Gb  stm32f4xx_hal_adc.o [1]
HAL_ADC_Start            0x800'2015   0x78  Code  Gb  stm32f4xx_hal_adc.o [1]
HAL_ADC_Stop             0x800'208d   0x36  Code  Gb  stm32f4xx_hal_adc.o [1]
HAL_Delay                0x800'2bd1   0x28  Code  Wk  stm32f4xx_hal.o [1]
HAL_GPIO_Init            0x800'2591  0x1ae  Code  Gb  stm32f4xx_hal_gpio.o [1]
HAL_GPIO_WritePin        0x800'273f    0x8  Code  Gb  stm32f4xx_hal_gpio.o [1]
HAL_GetTick              0x800'243d    0xc  Code  Wk  stm32f4xx_hal.o [1]
HAL_IncTick              0x800'3341   0x10  Code  Wk  stm32f4xx_hal.o [1]
HAL_Init                 0x800'27dd   0x30  Code  Gb  stm32f4xx_hal.o [1]
HAL_InitTick             0x800'313d   0x40  Code  Wk  stm32f4xx_hal.o [1]
HAL_MspInit              0x800'317d   0x38  Code  Gb  stm32f4xx_hal_msp.o [1]
HAL_NVIC_SetPriority     0x800'30c5   0x3a  Code  Gb  stm32f4xx_hal_cortex.o [1]
HAL_NVIC_SetPriorityGrouping
                         0x800'30ab   0x1a  Code  Gb  stm32f4xx_hal_cortex.o [1]
HAL_RCC_ClockConfig      0x800'2f11  0x100  Code  Gb  stm32f4xx_hal_rcc.o [1]
HAL_RCC_OscConfig        0x800'2c01  0x310  Code  Wk  stm32f4xx_hal_rcc.o [1]
HAL_SYSTICK_Config       0x800'30ff   0x28  Code  Gb  stm32f4xx_hal_cortex.o [1]
HardFault_Handler        0x800'332d    0x2  Code  Gb  stm32f4xx_it.o [1]
MX_ADC1_Init             0x800'2371   0x5c  Code  Gb  adc.o [1]
MX_GPIO_Init             0x800'2811   0x96  Code  Gb  gpio.o [1]
MemManage_Handler        0x800'332f    0x2  Code  Gb  stm32f4xx_it.o [1]
NMI_Handler              0x800'332b    0x2  Code  Gb  stm32f4xx_it.o [1]
PendSV_Handler           0x800'3339    0x2  Code  Gb  stm32f4xx_it.o [1]
Region$$Table$$Base      0x800'32d8          --   Gb  - Linker created -
Region$$Table$$Limit     0x800'32f8          --   Gb  - Linker created -
SVC_Handler              0x800'3335    0x2  Code  Gb  stm32f4xx_it.o [1]
SysTick_Handler          0x800'333b    0x4  Code  Gb  stm32f4xx_it.o [1]
SystemClock_Config       0x800'24db   0x92  Code  Gb  main.o [1]
SystemCoreClock         0x2000'000c    0x4  Data  Gb  system_stm32f4xx.o [1]
SystemInit               0x800'3261   0x14  Code  Gb  system_stm32f4xx.o [1]
UsageFault_Handler       0x800'3333    0x2  Code  Gb  stm32f4xx_it.o [1]
_Encoding_8859_1_Mbrlen
                         0x800'132d    0x2  Code  Gb  xencoding_8859_1.o [2]
_Encoding_8859_1_Wctomb
                         0x800'131b   0x12  Code  Gb  xencoding_8859_1.o [2]
_LitobFull               0x800'109b  0x10a  Code  Lc  xprintffull.o [2]
_Locale_lconv           0x2000'0010   0x38  Data  Lc  xlocale_c.o [2]
_PrintfFull              0x800'0189  0xcc2  Code  Gb  xprintffull.o [2]
_PutcharsFull            0x800'120d   0x2e  Code  Lc  xprintffull.o [2]
_PutstrFull              0x800'0fdb   0xc0  Code  Lc  xprintffull.o [2]
_PuttxtFull              0x800'0ecf  0x10c  Code  Lc  xprintffull.o [2]
_SProut                  0x800'148b    0xa  Code  Gb  xsprout.o [2]
__NVIC_SetPriority       0x800'3091   0x1a  Code  Lc  stm32f4xx_hal_cortex.o [1]
__aeabi_cdcmple          0x800'1505         Code  Gb  DblCmpLe.o [3]
__aeabi_cdrcmple         0x800'1535         Code  Gb  DblCmpGe.o [3]
__aeabi_d2iz             0x800'16a1         Code  Gb  DblToS32.o [3]
__aeabi_d2uiz            0x800'1a2d         Code  Gb  DblToU32.o [3]
__aeabi_ddiv             0x800'17e5         Code  Gb  DblDiv.o [3]
__aeabi_dmul             0x800'1a71         Code  Gb  DblMul.o [3]
__aeabi_dsub             0x800'1701         Code  Gb  DblSub.o [3]
__aeabi_i2d              0x800'16dd         Code  Gb  S32ToDbl.o [3]
__aeabi_ldiv0            0x800'1e95         Code  Gb  I64DivZer.o [4]
__aeabi_memclr4          0x800'2bf9         Code  Gb  ABImemclr4.o [4]
__aeabi_memcpy           0x800'13e5         Code  Gb  ABImemcpy.o [4]
__aeabi_memcpy4          0x800'1405         Code  Gb  ABImemcpy.o [4]
__aeabi_memcpy8          0x800'1405         Code  Gb  ABImemcpy.o [4]
__aeabi_memset           0x800'2775         Code  Gb  ABImemset.o [4]
__aeabi_ui2d             0x800'1a55         Code  Gb  U32ToDbl.o [3]
__cmain                  0x800'32f9         Code  Gb  cmain.o [4]
__exit                   0x800'1e99   0x14  Code  Gb  exit.o [5]
__iar_Fail_s             0x800'1339   0x1c  Code  Gb  xfail_s.o [2]
__iar_Mbcurmax           0x800'1c13    0xa  Code  Gb  xmbcurmax.o [2]
__iar_Memchr             0x800'138d         Code  Gb  memchr.o [4]
__iar_Memset             0x800'2775         Code  Gb  ABImemset.o [4]
__iar_Memset4_word       0x800'31b5         Code  Gb  ABImemset48.o [4]
__iar_Memset8_word       0x800'31b5         Code  Gb  ABImemset48.o [4]
__iar_Memset_word        0x800'277d         Code  Gb  ABImemset.o [4]
__iar_Strchr             0x800'1305         Code  Gb  strchr.o [4]
__iar_dadd               0x800'1711         Code  Gb  DblSub.o [3]
__iar_data_init3         0x800'328d   0x28  Code  Gb  data_init.o [4]
__iar_dsub               0x800'1d29         Code  Gb  DblAdd.o [3]
__iar_dsubStart          0x800'1d3b         Code  Gb  DblAdd.o [3]
__iar_frexp              0x800'14a1         Code  Gb  frexp.o [3]
__iar_frexpl             0x800'14a1         Code  Gb  frexp.o [3]
__iar_globLocale        0x2000'0048   0x48  Data  Lc  xlocale_c.o [2]
__iar_global_Locale      0x800'1289    0x4  Code  Gb  xlocale_c.o [2]
__iar_init_vfp           0x800'32b5         Code  Gb  fpinit_M.o [3]
__iar_ldexp64            0x800'1565         Code  Gb  ldexp.o [3]
__iar_lz77_init_single3
                         0x800'31e7   0x78  Code  Gb  lz77_init_single.o [4]
__iar_program_start      0x800'3361         Code  Gb  cstartup_M.o [4]
__iar_scalbln64          0x800'1565         Code  Gb  ldexp.o [3]
__iar_scalbn64           0x800'1565         Code  Gb  ldexp.o [3]
__iar_small_strlen       0x800'1379         Code  Gb  strlen_small.o [4]
__iar_small_uldivmod     0x800'1c1d         Code  Gb  I64DivMod_small.o [4]
__iar_softfp___iar_frexp64
                         0x800'1495         Code  Gb  frexp.o [3]
__iar_softfp_frexp       0x800'1495         Code  Gb  frexp.o [3]
__iar_softfp_frexpl      0x800'1495         Code  Gb  frexp.o [3]
__iar_zero_init3         0x800'124f   0x3a  Code  Gb  zero_init3.o [4]
__low_level_init         0x800'3317    0x4  Code  Gb  low_level_init.o [2]
__vector_table           0x800'0000         Data  Gb  startup_stm32f405xx.o [1]
_call_main               0x800'3305         Code  Gb  cmain.o [4]
_exit                    0x800'3321         Code  Gb  cexit.o [4]
_gLocale_mblen           0x800'12f1    0x4  Code  Gb  xlocale_c.o [2]
_gLocale_mblenInt        0x800'12b5   0x2c  Code  Gb  xlocale_c.o [2]
_gLocale_wctomb          0x800'12f5    0x4  Code  Gb  xlocale_c.o [2]
_gLocale_wctombInt       0x800'12ed    0x4  Code  Gb  xlocale_c.o [2]
_main                    0x800'3313         Code  Gb  cmain.o [4]
abort                    0x800'1d23    0x6  Code  Gb  abort.o [2]
buffer                  0x2000'00d8   0x10  Data  Gb  main.o [1]
exit                     0x800'331b    0x4  Code  Gb  exit.o [2]
hadc1                   0x2000'0090   0x48  Data  Gb  adc.o [1]
lcdControlWrite          0x800'2a93    0xc  Code  Gb  lcd.o [1]
lcdDataWrite             0x800'2a9f   0x12  Code  Gb  lcd.o [1]
lcdGotoXY                0x800'2b57   0x1e  Code  Gb  lcd.o [1]
lcdInit                  0x800'2b25   0x32  Code  Gb  lcd.o [1]
lcdInitHW                0x800'2a31   0x62  Code  Gb  lcd.o [1]
lcdPrintData             0x800'2b75   0x1c  Code  Gb  lcd.o [1]
lcdmDelay                0x800'2a13   0x1e  Code  Lc  lcd.o [1]
lcduDelay                0x800'28c5  0x14e  Code  Lc  lcd.o [1]
ldexp                    0x800'1565         Code  Gb  ldexp.o [3]
ldexpl                   0x800'1565         Code  Gb  ldexp.o [3]
localeconv               0x800'12f9    0x4  Code  Gb  xlocale_c.o [2]
main                     0x800'245d   0x7e  Code  Gb  main.o [1]
memchr                   0x800'138d         Code  Gb  memchr.o [4]
memset                   0x800'2449   0x14  Code  Gb  memset.o [4]
scalbln                  0x800'1565         Code  Gb  ldexp.o [3]
scalblnl                 0x800'1565         Code  Gb  ldexp.o [3]
scalbn                   0x800'1565         Code  Gb  ldexp.o [3]
scalbnl                  0x800'1565         Code  Gb  ldexp.o [3]
scale                    0x800'11a5   0x46  Code  Lc  xprintffull.o [2]
sec_hand                0x2000'00e8    0x4  Data  Lc  xfail_s.o [2]
sprintf                  0x800'2b91   0x40  Code  Gb  sprintf.o [2]
strchr                   0x800'1305         Code  Gb  strchr.o [4]
uwTick                  0x2000'0004    0x4  Data  Gb  stm32f4xx_hal.o [1]
uwTickFreq              0x2000'0000    0x1  Data  Gb  stm32f4xx_hal.o [1]
uwTickPrio              0x2000'0008    0x4  Data  Gb  stm32f4xx_hal.o [1]


[1] = D:\Backups\IoT\ARM\Practice\ADC_DAC\EWARM\ADC_DAC\Obj
[2] = dl7M_tlf.a
[3] = m7M_tls.a
[4] = rt7M_tl.a
[5] = shb_l.a

  13'437 bytes of readonly  code memory
      92 bytes of readonly  data memory
   1'260 bytes of readwrite data memory

Errors: none
Warnings: none
